[    0.0000] italizg cgup ssys puset
[   000000]Intialiincgro sbsycp
[  000000 Iitializing cgroup subsys cpuacct
[    0.000000] Linux version 4.4.0-145-generic (buildd@lcy01-amd64-023) (gcc version 5.4.0 20160609 (Ubuntu 5.4.0-6ubuntu1~16.04.10) ) #171-Ubuntu SMP Tue Ma 212:4:2UTC 19(Ubnt4.4.14.11-neric.4176
  0.000000] KERNEL supported cpus:
[    0.000000]   Intel GenuineIntel
[    0.000000]   AMD AuthenticAMD
[    0.000000]   NSC Geode by NSC
[    0.000000]   Cyrix CyrixInstead
[    0.000000]   Centaur CentaurHauls
[    0.000000]   Transmeta GenuineTMx86
[    0.000000]   Transmeta TransmetaCPU
[    0.000000]   UMC UMC UMC UMC
[    0.000000] x86/fpu: xstate_offset[2]:  576, xstate_sizes[2]:  256
[    0.000000] x86/fpu: Supporting XSAVE feature 0x01: 'x87 floating point registers'
[    0.000000] x86/fpu: Supporting XSAVE feature 0x02: 'SSE registers'
[    0.000000] x86/fpu: Supporting XSAVE feature 0x04: 'AVX registers'
[    0.00000]x86/u:Enbled xtatefeuresx7 ctextsizeis32 bte usig tandar frmt.
[  000000e820BIS-ovded hycal AMap:
    0.000000] BIOS-e82: me 000000000000-0000000009fb] usle
[  0.000] IOS-20 [em0x000000000fc0-00000000009ff resrv
[   0000] IOSe8: [m 0000000000f0000-0x00000000000fffff] reserved
[    0.000000] BIOS-e820: [mem 0x0000000000100000-0x000000003ffeffff] usable
[    0.000000] BIOS-e820: [mem 0x000000003fff0000-0x000000003fffffff] ACPI data
[    0.000000] BIOS-e820: [mem 0x00000000fec00000-0x00000000fec00fff] reserved
[    0.000000] BIOS-e820: [mem 0x00000000fee00000-0x00000000fee00fff] reserved
[    0.000000] BIOS-e820: [mem 0x00000000fffc0000-0x00000000ffffffff] reserved
[    0.000000] NX (Execute Disable) protection: active
[    0.000000] SMBIOS 2.5 present.
[    0.000000] Hypervisor detected: KVM
[    0.000000] e820: last_pfn = 0x3fff0 max_arch_pfn = 0x1000000
[    0.000000] MTRR: Disabled
[    0.000000] x86/PAT: MTRRs disabled, skipping PAT initialization too.
[    0.000000] C MRRs a bank -viualizesystm.
[  .0000] x/PAT Conigurion [0]: W WT C-UC  B WT  - C      00000] und MPP-tae t [m 0x0009f00x00ffffmapeat[c009f0
   0.000000] aning aeas r owmery coupton[   00000]AMIS [em0x3140-03718ff]
[   0.000] APIEarlytae chksm vricati disabled
[    0.000000] ACPI: RSDP 0x00000000000E0000 000024 (v02 VBOX  )
[    0.000000] ACPI: XSDT 0x000000003FFF0030 00003C (v01 VBOX   VBOXXSDT 00000001 ASL  00000061)
[    0.000000] ACPI: FACP 0x000000003FFF00F0 0000F4 (v04 VBOX   VBOXFACP 00000001 ASL  00000061)
[    0.000000] ACPI: DSDT 0x000000003FFF0470 0021FF (v02 VBOX   VBOXBIOS 00000002 INTL 20100528)
[    0.000000] ACPI: FACS 0x000000003FFF0200 000040
[    0.000000] ACPI: FACS 0x000000003FFF0200 000040
[    0.000000] ACPI: APIC 0x000000003FFF240 00005C (v02 VBOX   VBOXAPIC 00000001 ASL  00000061)
[    0.000000] ACPI: SSDT 0x000000003FFF02A0 0001CC (v01 VBOX   VBOXCPUT 00000002 INTL 20100528)
[    0.000000] 131MB HIGHMEM available.
[    0.000000] 891MB LOWMEM available.
[    0.000000]   mapped low ram: 0 - 37bfe000
[    0.000000]   lowra 0 -37e000
[  0.00000kvm-oc: Usg srs 4b54d1 a 4b5d00[    0.000000] kvm-ock:pu0, m 0:3fd00, rimary cu loc
[  .000] vm-cck usin sed ose o 451273 ycs
[  .00000]lockure: kvm-ock:as: 0xffffffffffff m_cycs:0x1d424dfb, m_ile_: 81505483 
   0.0000Zoe ans:
[   0000]  D    me 0x0000000001000x0000000ffff][  0.000]  Noral  [me 00000000000-00000037bfdf]
[  .0000]  Hghm  [m x0000037b00-0x000003ffff]
[    0000] ovae on srt foeach nde
[    0.000000] Early memory node ans
[  00000]  node 0 [me0x00000000100-000000009efff]
  0.0000]  nde 0: em0x00000001000-x00000003ffeffff]
[    0.00000]Intm setunoe 0 [m x000000000001000-0x000000003ffeffff]
[    0.000000] Using APIC driver default
[    0.000000]ACI: -TmerIOort:0x08
[   0000] OAP[0: pic_id 2, version 32, address 0xfec00000, GSI 0-23
[    0.0000000] ACPI: INT_SRCOV (bus 0 bus_irq 0lobair 2fldfl)[   0.0000] AI: INSR_OR us 0buirq 9 gob_irq lw lel)
[  00000]UsingCP (MAD) r SMPcofigurtin ifoation
[  0.0000 sbot: loing CPUs,0 tpluCPs
  0.00000]PM: giterenoave moy: [mem 0000000x000ff
[   000000 P Regteed nave moy: [m x00000-000ffff]
  0.0000]PM:egsted noave memory: [m 0x000a0000-0x000effff]
[    0.000000] PM: Registered nosave memory: [mem 0x000f0000-0x000fffff]
[    0.000000] e820: [mem 0x40000000-0xfebfffff] available for PCI devices
[    0.000000] Booting paravirtualized kernel on KVM
[    0.000000] clocksource: refined-jiffies: mask: 0xffffffff max_cycles: 0xffffffff, max_idle_ns: 7645519600211568 ns
[    0.000000] setup_percpu: NR_CPUS:8 nr_cpumask_bits:8 nr_cpu_ids:2 nr_node_ids:1
[    0.000000] PERCPU: Embeed19 ag/cpu@fb000 s308 0 05167724    00000 Built 1 zonelistsn one rd, moily grpig o. otal ages:2598
    0000] ernel cmad line: BOOT_IMAGE=/boot/vmlinuz-4.4.0-145-generic root=UUID=ccdc692f-2b9a-4827-8154-1dbbe072d437 ro console=tty1 conolttyS
   00000] P hsh tblentrs:409(oder 216384 bytes)
[    0.000000] Dentry cache hash table entries: 131072 (order: 7, 524288 bytes)
[    0.000000] Inode-cache hash table entries: 65536 (order: 6, 262144 bytes)
[    0.000000] Initializing CPU#0
[    0.000000] Initializing HighMem for node 0 (00037bfe:0003fff0)
[    0.000000] Initializing Movable for node 0 (00000000:00000000)
[    0.000000] Memory: 1007996K/1048120K available (8098K kernel code, 792K rwdata, 3184K rodata, 932K init, 784K bss, 40124K reserved, 0K cma-reserved, 135112K highmem)
[    0.000000] virtual kernel memory layout:
[    0.000000]     fixmap  : 0xfff15000 - 0xfffff00  (36kB)
[  .0000]    pap   0fc00000 - 0xffe00000   (2048 kB)
[    0.000000]     vmalloc : 0xf83fe000 - 0xffbfe000   ( 120 MB)
[    0.000000]     lowmem  : 0xc0000000 - xffe000    8 MB)   0.000]      .init : 0xc1bcf000 - 0xc1cb8000   ( 932 kB)
[    0.000000]       .data : 0xc17e8dc8 - 0xc1bcd100   (3984 kB)
[    0.000000]       .text : 0xc1000000 - 0xc17e8dc8   (8099 kB)
[    0.000000] Checking if this processor honours the WP bit even in supervisor mode...Ok.
[    0.000000] SLUB: HWalign=64, Order=0-3, MinObjects=0, CPUs=2, Nodes=1
[    0.000000] Hierarchical RCU implementation.
[    0.0000000	Buid-me adstentofeaf not t 3
[   00000]RCU sticti CUs fm R_CP=8to ncp_ids.
[   0.000000] RCU: Adjusting geoetry orcu_fou_leaf32nr_c_is=2    00000 NIRQS:04nr_rq440 
    00000] onle: lor V+ 0x2
   0.000000] console [tty1] enabled
[    0.000] conole [ttyS0] enabled
[    0.000000] allocated 1048576 bytes of pag_ext
[   0.000000] tsc: Detected 2394.458 MHz processor
[   17.700909] Calibrating delay loop (skipped) preset value.. 4788.91 BogoMIPS (lpj=9577832)
[   17.940496]pid_max: default: 32768 minimum: 301
[   17.970052] ACPI: Core revision 20150930
[   17.972714] ACPI: 2 ACPI AML tables successfully acquired and loaded
[   17.975795] Security Framework initialized
[   17.977491] Yama: becoming mindful.
[   17.978936] AppArmor: AppArmor initialized
[   17.980621] Mount-cache hash table entries: 2048 (order: 1, 8192 bytes)
[   17.983126] Mountpoint-cache hash table entries: 2048 (order: 1, 8192 bytes)
[   17.986884] Initializing cgroup subsys io
[   17.989692] Initializing cgroup subsys memory

[   17.993055] Initializing cgroup subsys devices
[   18.037844] Initializing cgroup subsys freezer
[   18.060149] Initializing cgroup subsys net_cls
[   18.100337] Initializing cgroup subsys perf_event
[   18.180444] Initializing cgroup subsys net_prio
[  18.249490] Initializing cgroup subsys hugetlb
[   18.273256] Initializing cgroup subsys pids
[   18.278799] mce: CPU supports 0 MCE banks
[   18.281421] Last level iTLB entries: 4KB 1024, 2MB 1024, 4MB 1024
[   18.285045] Last level dTLB entries: 4KB 1024, 2MB 1024, 4MB 1024, 1GB 4
[   18.289086] Spectre V2 : Mitigation: Full generic retpoline
[   18.443409] Spectre V2 : Spectre v2 / SpectreRSB mitigation: Filling RSB on context switch
[   18.694525] Speculative Store Bypass: Vulnerable
[   18.856904] Freeing SMP alternatives memory: 36K
[   19.008361] ftrace: allocating 31556 entries in 62 pages
[   19.241836] smpboot: APIC(0) Converting physical 0 to logical package 0
[   19.262301] smpboot: Max logical packages: 1
[   19.264131] Enabling APIC mode:  Flat.  Using 1 I/O APICs
[   19.268031] ..TIMER: vector=0x30 apic1=0 pin1=2 apic2=-1 pin2=-1
[   19.375697] smpboot: CPU0: Intel(R) Core(TM) i5-4210U CPU @ 1.70GHz (family: 0x6, model: 0x45, stepping: 0x1)
[   19.640945] Performance Events: unsupported p6 CPU model 69 no PMU driver, software events only.
[   19.738184] KVM setup paravirtual spinlock
[   19.816148] x86: Booting SMP configuration:
[   19.817938] .... node  #0, CPUs:      #1
[1266874885.474423] Initializing CPU#1
[   19.917643] kvm-clock: cpu 1, msr 0:37bfd041, secondary cpu clock
[   20.032823] mce: CPU supports 0 MCE banks
[   20.084189] x86: Booted up 1 node, 2 CPUs
[   20.178262] smpboot: Total of 2 processors activated (9577.83 BogoMIPS)
[   20.255912] devtmpfs: initialized
[   20.257642] evm: security.selinux
[   20.259019] evm: security.SMACK64
[   20.260367] evm: security.SMACK64EXEC
[   20.261879] evm: security.SMACK64TRANSMUTE
[   20.263537] evm: security.SMACK64MMAP
[   20.265071] evm: security.ima
[   20.266800] evm: security.capability
[   20.270745] clocksource: jiffies: mask: 0xffffffff max_cycles: 0xffffffff, max_idle_ns: 7645041785100000 ns
[   20.274935] futex hash table entries: 512 (order: 3, 32768 bytes)
[   20.277719] pinctrl core: initialized pinctrl subsystem
[   20.279842] RTC time: 15:28:02, date: 04/30/19
[   20.283029] NET: Registered protocol family 16
[   20.410285] EISA bus registered
[   20.519230] cpuidle: using governor ladder
[   20.602329] cpuidle: using governor menu
[   20.686261] PCCT header not found.
[   20.743020] ACPI: bus type PCI registered
[   20.781111] acpiphp: ACPI Hot Plug PCI Controller Driver version: 0.5
[   20.824042] PCI : PCI BIOS area is rw and x. Use pci=nobios if you want it NX.
[   21.037959] PCI: PCI BIOS revision 2.10 entry at 0xfda26, last bus=0
[   21.189767] PCI: Using configuration ype 1 for base access
[   21.365514] ACPI: Added _OSI(Module Device)
[   21.474215] ACPI: Added _OSI(Processor Device)
[   21.590895] ACPI: Added _OSI(3.0 _SCP Extensions)
[   21.683728] ACPI: Added _OSI(Processor Aggregator Device)
[   21.747788] ACPI: Executed 1 blocks of module-level executable AML code
[   21.791741] ACPI: Interpreter enabled
[   21.839270] ACPI: (supports S0 S5)
[   21.911374] ACPI: Using IOAPIC for interrupt routing
[   21.987608] PCI: Using host bridge winnows from ACPI; if necessary, use "pci=nocrs" and report a bug
[   22.193211] ACPI: PCI Root Bridge [PCI0] (domain 0000 [bus 00-ff])
[   22.257800] acpi PNP0A03:00: _OSC: OS supports [ASPM ClockPM Segments MSI]
[   22.271264] acpi PNP0A03:00: _OSC: not requesting OS control; OS requires [ExtendedConfig ASPM ClockPM MSI]
[   22.275059] acpi PNP0A03:00: fail to add MMCONFIG information, can't access extended PCI configuration space under this bridge.
[   22.589107] PCI host bridge to bus 0000:00
[   22.634422] pci_bus 0000:00: root bus resource [io  0x0000-0x0cf7 window]
[   22.737984] pci_bus 0000:00: root bus resource [io  0x0d00-0xffff window]
[   22.815234] pci_bus 0000:00: root bus resource [mem 0x000a0000-0x000bffff window]
[   22.818360] pci_bus 0000:00: root bus resource [mem 0x40000000-0xfdffffff window]
[   22.828741] pci_bus 0000:00: root bus resource [bus 00-ff]
[   22.832742] pci 0000:00:01.1: legacy IDE quirk: reg 0x10: [io  0x01f0-0x01f7]
[   22.966880] pci 0000:00:01.1: legacy IDE quirk: reg 0x14: [io  0x03f6]
[   23.070509] pci 0000:00:01.1: legacy IDE quirk: reg 0x18: [io  0x0170-0x0177]
[   23.210059] pci 0000:00:01.1: legacy IDE quirk: reg 0x1c: [io  0x0376]
[   23.291283] pci 0000:00:07.0: quirk: [io  0x4000-0x403f] claimed by PIIX4 ACPI
[   23.504802] pci 0000:00:07.0: quirk: [io  0x4100-0x410f] claimed by PIIX4 SMB
[   23.681118] ACPI: PCI Interrupt Link [LNKA] (IRQs 5 9 10 *11)
[   23.781312] ACPI: PCI Interrupt Link [LNKB] (IRQs 5 9 *10 11)
[   23.917768] ACPI: PCI Interrupt Link [LNKC] (IRQs 5 *9 10 11)
[   24.050683] ACPI: PCI Interrupt Link [LNKD] (IRQs 5 9 10 *11)
[   24.139847] ACPI: Enabled 2 GPEs in block 00 to 07
[   24.200296] vgaarb: setting as boot device: PCI:0000:0:02.0
[   24.305778] vgaarb: device added: PCI:0000:00:02.0,decodes=io+mem,owns=io+mem,locks=none
[   24.518222] vgaarb: loaded
[   24.610545] vgaarb: bridge control possible 0000:00:02.0
[   24.764031] SCSI subsystem initialized
[   24.886142] ACPI: bus type USB registered
[   24.953671] usbcore: registered new interface driver usbfs
[   25.060365] usbcore: registered new interface driver hub
[   25.123773] usbcore: registered new device driver usb
[   25.126754] PCI: Using ACPI for IRQ routing
[   25.128749] NetLabel: Initializing
[   25.174710] NetLabel:  domain hash size = 128
[   25.263632] NetLabel:  protocols = UNLABELED CIPSOv4
[   25.266314] NetLabel:  unlabeled traffic allowed by default
[   25.268674] amd_nb: Cannot enumerate AMD northbridges
[   25.275470] clocksource: Switched to clocksource kvm-clock
[   .412 AArr:AppArmor ilysm abd  6.35] pnp: PnP ACPI init
[   26.278093] pnp: PnP ACPI: found 3 devices
[   26.280794] PnPBIOS: Disabled by ACPI PNP

[ 26345]locsoceac_pm: mask: 0xffffff max_cycles: 0xffffff, max_idle_ns: 2085701024 ns
[   2.747 N: gier ptol mi 2
[   .344 T etaisd ash ab entries: 8192 (order: 3, 32768 bytes)
[   27.853107] TCP bind hash table entries: 8192 (order: 4, 65536 bytes)
[   27.855529] TCP: Hash tables configured (established 8192 bind 8192)
[   27.859171] UDP hash table entries: 512 (order: 2, 16384 bytes)
[   27.862436] UDP-Lite hash table entries: 512 (order: 2, 16384 bytes)
[   27.866954] NET: Registered protocol family 1
[   27.869467] pci 0000:00:00.0: Limiting direct PCI/PCI transfers
[  7.29] i 000:.0AcvangSAMAanwokaun
[   28.757742] Unpacking initrmf..
[   29.162363] Freeing initrd memory: 14776K
[   29.253405] RAPL PMU detected, API unit is 2^-32 Joules, 4 fixed counters 10737418240 ms ovfl timer
[   29.270534] hw unit of domain pp0-core 2^-0 Joules
[   29.272427] hw unit of domain package 2^-0 Joules
[   29.274252] hw unit of domain dram 2^-0 Joules
[   29.276476] hw unit of domain pp1-gpu 2^-0 Joules
[   29.278408] platform rtc_cmos: registered platform RTC device (no PNP device found)
[   29.281573] Scanning for low memory corruption every 60 seconds
[   29.295032] audit: initializing netlink subsys (disabled)
[   29.380370] audit: type=2000 audit(1556638072.601:1): initialized
[   29.531478] Initialise system trusted keyring
[   29.623535] HugeTLB registered 2 MB page size, pre-allocated 0 pages
[   29.635495] zbud: loaded
[   29.6803] VF: Dik ot dot.6
  0.21] S:qu-cheastae ntries: 104 (order 0, 4096 bytes)
[   30.812739] tsc: Refined TSC clocksource calibration: 2392.467 MHz
[   30.817115] clocksource: tsc: mask: 0xffffffffffffffff max_cycles: 0x227c6b85efa, max_idle_ns: 440795312839 ns
[   30.824231] squashfs: version 4.020/031PhliLohe

[   31.267336] fuse init (API version 7.23)
[   31.269239] Key type big_key registered
[   31.270806] Allocating IMA MOK and blacklist keyrings.
[   31.281076] Key type asymmetric registered
[   31.403345] Asymmetric key parser 'x509' registered
[   31.554048] bounce: pool size: 64 pages
[   31.631098] Block layer SCSI generic (bsg) driver version 0.4 loaded (major 249)
[   31.731503] io scheduler noop registered
[   31.803687] io scheduler deadline registered (default)
[   31.813637] io scheduler cfq registered
[   31.815356] pci_hotplug: PCI Hot Plug PCI Core version: 0.5
[   31.817870] pciehp: PCI Express Hot Plug Controller Driver version: 0.4
[   31.882297] ACPI: AC Adapter [AC] (on-line)
[   31.993633] input: Power Button as /devices/LNXSYSTM:00/LNXPWRBN:00/input/input0
[   32.188870] ACPI: Power Button [PWRF]
[   32.24384] input: Sleep Button as /devices/LNXSYSTM:00/LNXSLPBN:00/input/input1

[   32.281578] ACPI: Sleep Button [SLPF]
[   32.320388] GHES: HEST is not enabled!
[   32.321127] ACPI: Battery Slot [BAT0] (battery present)
[   32.429084] isapnp: Scanning for PnP cards...
[   32.429148] Serial: 8250/16550 driver, 32 ports, IRQ sharing enabled
[   32.453073] 00:02: ttyS0 at I/O 0x3f8 (irq = 4, base_baud = 115200) is a 16550A
[   32.667782] Linux agpgart interface v0.103
[   32.860632] loop: module loaded
[   32.861277] scsi host0: ata_piix
[   32.861345] scsi host1: ata_piix
[   32.861381] ata1: PATA max UDMA/33 cmd 0x1f0 ctl 0x3f6 bmdma 0xd000 irq 14
[   32.861383] ata2: PATA max UDMA/33 cmd 0x170 ctl 0x376 bmdma 0xd008 irq 15
[   32.861467] libphy: Fixed MDIO Bus: probed
[   32.861469] tun: Universal TUN/TAP device driver, 1.6
[   32.861470] tun: (C) 1999-2004 Max Krasnyansky <maxk@qualcomm.com>
[   32.861508] PPP generic driver version 2.4.2
[   32.861558] ehci_hcd: USB 2.0 'Enhanced' Host Controller (EHCI) Driver
[   32.861561] ehci-pci: EHCI PCI platform driver
[   32.861570] ehci-platform: EHCI generic platform driver
[   32.861578] ohci_hcd: USB 1.1 'Open' Host Controller (OHCI) Driver
[   32.861581] ohci-pci: OHCI PCI platform driver
[   32.861590] ohci-platform: OHCI generic platform driver
[   32.861599] uhci_hcd: USB Universal Host Controller Interface driver
[   32.861654] i8042: PNP: PS/2 Controller [PNP0303:PS2K,PNP0f03:PS2M] at 0x60,0x64 irq 1,12
[   32.958489] serio: i8042 KBD port at 0x60,0x64 irq 1
[   32.958499] serio: i8042 AUX port at 0x60,0x64 irq 12
[   32.958734] mousedev: PS/2 mouse device common for all mice
[   32.959259] rtc_cmos rtc_cmos: rtc core: registered rtc_cmos as rtc0
[   32.959347] rtc_cmos rtc_cmos: alarms up to one day, 114 bytes nvram
[   32.959359] i2c /dev entries driver
[   32.959433] device-mapper: uevent: version 1.0.3
[   32.959524] device-mapper: ioctl: 4.34.0-ioctl (2015-10-28) initialised: dm-devel@redhat.com
[   32.959566] platform eisa.0: Probing EISA bus 0
[   32.959568] platform eisa.0: EISA: Cannot allocate resource for mainboard
[   32.959571] platform eisa.0: Cannot allocate resource for EISA slot 1
[   32.959572] platform eisa.0: Cannot allocate resource for EISA slot 2
[   32.959574] platform eisa.0: Cannot allocate resource for EISA slot 3
[   32.959576] platform eisa.0: Cannot allocate resource for EISA slot 4
[   32.959578] platform eisa.0: Cannot allocate resource for EISA slot 5
[   32.959580] platform eisa.0: Cannot allocate resource for EISA slot 6
[   32.959582] platform eisa.0: Cannot allocate resource for EISA slot 7
[   32.959583] platform eisa.0: Cannot allocate resource for EISA slot 8
[   32.959585] platform eisa.0: EISA: Detected 0 cards
[   32.959610] cpufreq-nforce2: No nForce2 chipset.
[   32.959622] ledtrig-cpu: registered to indicate activity on CPUs
[   32.959934] NET: Registered protocol family 10
[   32.960137] NET: Registered protocol family 17
[   32.960149] Key type dns_resolver registered
[   32.960353] Using IPI No-Shortcut mode
[   32.960477] registered taskstats version 1
[   32.960491] Loading compiled-in X.509 certificates
[   32.963519] Loaded X.509 cert 'Build time autogenerated kernel key: 94e0aa8802c72e564137a0b5a234dba96bfe4cb5'
[   32.963548] zswap: loaded using pool lzo/zbud
[   32.966140] Key type trusted registered
[   32.968934] Key type encrypted registered
[   32.968940] AppArmor: AppArmor sha1 policy hashing enabled
[   32.968944] ima: No TPM chip found, activating TPM-bypass!
[   32.968949] ima: Allocated hash algorithm: sha1
[   32.968965] evm: HMAC attrs: 0x1
[   32.969231]   Magic number: 15:758:488
[   32.969265] regulator regulator.0: hash matches
[   33.011243] rtc_cmos rtc_cmos: setting system clock to 2019-04-30 15:28:15 UTC (1556638095)
[   33.011458] BIOS EDD facility v0.16 2004-Jun-25, 0 devices found
[   33.011458] EDD information not available.
[   33.163885] input: AT Translated Set 2 keyboard as /devices/platform/i8042/serio0/input/input2
[   36.556465] isapnp: No Plug & Play device found
[   36.708452] Freeing unused kernel memory: 932K
[   37.218984] Write protecting the kernel text: 8100k
[   37.268278] Write protecting the kernel read-only data: 3192k
[   37.270473] NX-protecting the kernel data: 6236k
Loading, please [   37.289709] random: systemd-udevd: uninitialized urandom read (16 bytes read, 3 bits of entropy available)
wait...
startin[   37.290551] random: udevadm: uninitialized urandom read (16 bytes read, 3 bits of entropy available)
g version 229
[   37.302621] random: udevadm: uninitialized urandom read (16 bytes read, 3 bits of entropy available)
[   37.302686] random: udevadm: uninitialized urandom read (16 bytes read, 3 bits of entropy available)
[   37.302938] random: udevadm: uninitialized urandom read (16 bytes read, 3 bits of entropy available)
[   37.302996] random: udevadm: uninitialized urandom read (16 bytes read, 3 bits of entropy available)
[   37.303051] random: udevadm: uninitialized urandom read (16 bytes read, 3 bits of entropy available)
[   37.303110] random: udevadm: uninitialized urandom read (16 bytes read, 3 bits of entropy available)
[   37.303165] random: udevadm: uninitialized urandom read (16 bytes read, 3 bits of entropy available)
[   37.303222] random: udevadm: uninitialized urandom read (16 bytes read, 3 bits of entropy available)
[   38.571706] e1000: Intel(R) PRO/1000 Network Driver - version 7.3.21-k8-NAPI
[   38.733518] e1000: Copyright (c) 1999-2006 Intel Corporation.
[   38.829520] Fusion MPT base driver 3.04.20
[   38.898421] Copyright (c) 1999-2008 LSI Corporation
[   39.026112] Fusion MPT SPI Host driver 3.04.20
[   39.097444] mptbase: ioc0: Initiating bringup
[   39.256600] ioc0: LSI53C1030 A0: Capabilities={Initiator}
[   39.435407] scsi host2: ioc0: LSI53C1030 A0, FwRev=00000000h, Ports=1, MaxQ=256, IRQ=20
[   39.553104] input: ImExPS/2 Generic Explorer Mouse as /devices/platform/i8042/serio1/input/input4
[   39.666428] scsi 2:0:0:0: Direct-Access     VBOX     HARDDISK         1.0  PQ: 0 ANSI: 5
[   39.893404] scsi target2:0:0: Beginning Domain Validation
[   39.969561] scsi target2:0:0: Domain Validation skipping write tests
[   39.974802] scsi target2:0:0: Ending Domain Validation
[   39.977184] scsi target2:0:0: asynchronous
[   39.980076] scsi 2:0:1:0: Direct-Access     VBOX     HARDDISK         1.0  PQ: 0 ANSI: 5
[   40.132444] scsi target2:0:1: Beginning Domain Validation
[   40.214100] scsi target2:0:1: Domain Validation skipping write tests
[   40.372679] scsi target2:0:1: Ending Domain Validation
[   40.507790] scsi target2:0:1: asynchronous
[   40.526919] e1000 0000:00:03.0 eth0: (PCI:33MHz:32-bit) 02:af:4d:d0:aa:e6
[   40.526923] e1000 0000:00:03.0 eth0: Intel(R) PRO/1000 Network Connection
[   40.881549] e1000 0000:00:03.0 enp0s3: renamed from eth0
[   41.074071] sd 2:0:0:0: Attached scsi generic sg0 type 0
[   41.212412] sd 2:0:0:0: [sda] 20971520 512-byte logical blocks: (10.7 GB/10.0 GiB)
[   41.217765] sd 2:0:1:0: [sdb] 20480 512-byte logical blocks: (10.5 MB/10.0 MiB)
[   41.221513] sd 2:0:0:0: [sda] Write Protect is off
[   41.223501] sd 2:0:1:0: [sdb] Write Protect is off
[   41.228935] sd 2:0:1:0: [sdb] Incomplete mode parameter data
[   41.228937] sd 2:0:1:0: [sdb] Assuming drive cache: write through
[   41.269608] sd 2:0:1:0: Attached scsi generic sg1 type 0
[   41.278862] sd 2:0:0:0: [sda] Incomplete mode parameter data
[   41.282415] sd 2:0:0:0: [sda] Assuming drive cache: write through
[   41.331680]  sda: sda1
[   41.332812] sd 2:0:1:0: [sdb] Attached SCSI disk
[   41.530547] sd 2:0:0:0: [sda] Attached SCSI disk
Begin: Loading e[   43.075034] md: linear personality registered for level -1
ssential drivers[   43.235225] md: multipath personality registered for level -4
 ... [   43.436910] md: raid0 personality registered for level 0
[   43.580228] md: raid1 personality registered for level 1
[   43.715113] raid6: mmxx1    gen()  4705 MB/s
[   43.915131] raid6: mmxx2    gen()  3113 MB/s
[   44.120167] raid6: sse1x1   gen()  4033 MB/s
[   44.294823] raid6: sse1x2   gen()  4664 MB/s
[   44.491214] raid6: sse2x1   gen()  8081 MB/s
[   44.698798] raid6: sse2x1   xor()  5761 MB/s
[   44.915275] raid6: sse2x2   gen()  9839 MB/s
[   45.135438] raid6: sse2x2   xor()  6419 MB/s
[   45.350809] raid6: avx2x1   gen() 14657 MB/s
[   45.490888] raid6: avx2x2   gen() 16970 MB/s
[   45.604225] raid6: using algorithm avx2x2 gen() 16970 MB/s
[   45.781881] raid6: using avx2x1 recovery algorithm
[   45.895670] xor: automatically using best checksumming function:
[   46.011419]    avx       : 22544.000 MB/sec
[   46.100515] async_tx: api initialized (async)
[   46.178055] md: raid6 personality registered for level 6
[   46.313416] md: raid5 personality registered for level 5
[   46.472902] md: raid4 personality registered for level 4
[   46.619598] md: raid10 personality registered for level 10
done.
Begin: Running /scripts/init-premount ... done[   46.726971] Btrfs loaded
.
Begin: Mounting root file system ... Begin: Running /scripts/[   46.897277] EXT4-fs (sda1): INFO: recovery required on readonly filesystem
local-top ... done.
Begin: Runn[   47.027181] EXT4-fs (sda1): write access will be enabled during recovery
ing /scripts/local-premount ... Scanning for Btrfs filesystems
done.
Warning: fsck not present, so skipping root file system
[   47.306063] EXT4-fs (sda1): recovery complete
[   48.309709] EXT4-fs (sda1): mounted filesystem with ordered data mode. Opts: (null)
done.
Begin: Running /scripts/local-bottom ... done.
Begin: Running /scripts/init-bottom ... done.
[   50.570135] random: nonblocking pool is initialized
[   51.286852] systemd[1]: systemd 229 running in system mode. (+PAM +AUDIT +SELINUX +IMA +APPARMOR +SMACK +SYSVINIT +UTMP +LIBCRYPTSETUP +GCRYPT +GNUTLS +ACL +XZ -LZ4 +SECCOMP +BLKID +ELFUTILS +KMOD -IDN)
[   51.888409] systemd[1]: Detected virtualization oracle.
[   51.992192] systemd[1]: Detected architecture x86.

Welcome to [1mUbuntu 16.04.6 LTS[0m!

[   52.268227] systemd[1]: Set hostname to <ubuntu-xenial>.
[   53.353509] systemd[1]: Listening on udev Kernel Socket.
[[0;32m  OK  [0m] Listening on udev Kernel Socket.
[   53.633082] systemd[1]: Reached target System Time Synchronized.
[[0;32m  OK  [0m] Reached target System Time Synchronized.
[   53.795847] systemd[1]: Reached target Encrypted Volumes.
[[0;32m  OK  [0m] Reached target Encrypted Volumes.
[   54.080253] systemd[1]: Listening on Syslog Socket.
[[0;32m  OK  [0m] Listening on Syslog Socket.
[   54.226626] systemd[1]: Listening on udev Control Socket.
[[0;32m  OK  [0m] Listening on udev Control Socket.
[   54.231325] systemd[1]: Reached target User and Group Name Lookups.
[[0;32m  OK  [0m] Reached target User and Group Name Lookups.
[   54.236969] systemd[1]: Listening on Journal Audit Socket.
[[0;32m  OK  [0m] Listening on Journal Audit Socket.
[   54.344193] systemd[1]: Listening on /dev/initctl Compatibility Named Pipe.
[[0;32m  OK  [0m] Listening on /dev/initctl Compatibility Named Pipe.
[   54.655980] systemd[1]: Set up automount Arbitrary Executable File Formats File System Automount Point.
[[0;32m  OK  [0m] Set up automount Arbitrary Executab...ats File System Automount Point.
[   54.987841] systemd[1]: Listening on Device-mapper event daemon FIFOs.
[[0;32m  OK  [0m] Listening on Device-mapper event daemon FIFOs.
[   55.264266] systemd[1]: Reached target Swap.
[[0;32m  OK  [0m] Reached target Swap.
[   55.278753] systemd[1]: Listening on LVM2 poll daemon socket.
[[0;32m  OK  [0m] Listening on LVM2 poll daemon socket.
[   55.284292] systemd[1]: Created slice User and Session Slice.
[[0;32m  OK  [0m] Created slice User and Session Slice.
[   55.289428] systemd[1]: Listening on LVM2 metadata daemon socket.
[[0;32m  OK  [0m] Listening on LVM2 metadata daemon socket.
[   55.294273] systemd[1]: Started Trigger resolvconf update for networkd DNS.
[[0;32m  OK  [0m] Started Trigger resolvconf update for networkd DNS.
[   55.302672] systemd[1]: Listening on Journal Socket.
[[0;32m  OK  [0m] Listening on Journal Socket.
[   55.369726] systemd[1]: Created slice System Slice.
[[0;32m  OK  [0m] Created slice System Slice.
[   55.595616] systemd[1]: Reached target Slices.
[[0;32m  OK  [0m] Reached target Slices.
[   55.799858] systemd[1]: Starting Create list of required static device nodes for the current kernel...
         Starting Create list of required st... nodes for the current kernel...
[   56.148522] systemd[1]: Starting Load Kernel Modules...
         Starting Load Kernel Modules...
[   56.230926] systemd[1]: Mounting Huge Pages File System...
         Mounting Huge Pages File System...
[   56.314037] systemd[1]: Mounting Debug File System...
[   56.318075] Loading iSCSI transport class v2.0-870.
         Mounting Debug File System...
[   57.651607] systemd[1]: Starting Monitoring of LVM2 mirrors, snapshots etc. using dmeventd or progress polling...
         Starting Monitor[   57.855269] iscsi: registered transport (tcp)
ing of LVM2 mirrors... dmeventd or progress polling...
[   58.291130] ysmd1]:Moti PIXMessage Queue File System...
         Mounting POSIX Message Queue File System...
[   58.675380] systemd[1]: Created slice system-serial\x2dgetty.slice.
[[0;32m  OK  [0m] Created slice system-serial\x2dgetty.slice.
[   58.739596] systemd[1]: Starting Nameserver information manager...
         Starting Nameserver information manager...
[   58.957045] iscsi: registered transport (iser)
[   59.056470] systemd[1]: Starting Uncomplicated firewall...
         Starting Uncomplicated firewall...
[   59.275526] systemd[1]: Starting Remount Root and Kernel File Systems...
[   59.296709] EXT4-fs (sda1): re-mounted. Opts: (null)
         Starting Remount Root and Kernel File Systems...
[   59.611386] systemd[1]: Starting Set console keymap...
         Starting Set console keymap...
[   59.795185] systemd[1]: Started Forward Password Requests to Wall Directory Watch.
[[0;32m  OK  [0m] Started Forward Password Requests to Wall Directory Watch.
[   59.22] stemd[1]: Listening on Journal Socket (/devlo.
[[0;32m  OK  [0m] Listening on Journal Socket (/dev/log).
[   60.283466] systemd[1]: Starting Journal Service...
         Starting Journal Service...
[   60.428790] systemd[1]: Mounted POSIX Message Queue File System.
[[0;32m  OK  [0m] Mounted POSIX Message Queue File System.
[ 60647467] stemd[1]: Mounted Huge Pages File System.

[[0;32m  OK  [0m] Mounted Huge Pages File System.
[   60.82318] systemd[1]: Mounted Debug File System.
 [[0;32m  OK  [0m] Mounted Debug File System.
[   69155syem1]: Started Journal Service.
[[0;32m  OK  [0m] Started Journal Service.
[[0;32m  OK  [0m] Started Create list of required sta...ce nodes for the current kernel.
[[0;32m  OK  [0m] Started Load Kernel Modules.
[[0;32m  OK  [0m] Started Uncomplicated firewall.
[[0;32m  OK  [0m] Started Remount Root and Kernel File Systems.
[[0;32m  OK  [0m] Started Set console keymap.
[[0;32m  OK  [0m] Started Nameserver information manager.
[[0;32m  OK  [0m] Started LVM2 metadata daemon.
         Starting Load/Save Random Seed...
         Starting udev Coldplug all Devices...
         Starting Apply Kernel Variables...
         Mounting FUSE Control File System...
         Starting Create Static Device Nodes in /dev...
         Starting Flush Journal to Persistent Storage...
[[0;32m  OK  [0m] Mounted FUSE Control File System.
[[0;32m  OK  [0m] Started Load/Save Random Seed.
[[0;32m  OK  [0m] Started Apply Kernel Variables.
[[0;32m  OK  [0m] Started udev Coldplug all Devices.
[[0;32m  OK  [0m] Started Monitoring of LVM2 mirrors,...ng dmeventd or progress polling.
[[0;32m  OK  [0m] Started Create Static Device Nodes in /dev.
         Starting udev Kernel Device Manager...
[[0;32m  OK  [0m] Reached target Local File Systems (Pre).
[[0;32m  OK  [0m] Reached target Local File Systems.
         Starting Tell Plymouth To Write Out Runtime Data...
         Starting LSB: AppArmor initialization...
         Starting Initial cloud-init job (pre-networking)...
         Starting Set console font and keymap...
[[0;32m  OK  [0m] Started udev Kernel Device Manager.
[[0;32m  OK  [0m] Started Flush Journal to Persistent Storage.
[[0;32m  OK  [0m] Started Tell Plymouth To Write Out Runtime Data.
[[0;32m  OK  [0m] Found device /dev/ttyS0.
[[0;32m  OK  [0m] Listening on Load/Save RF Kill Switch Status /dev/rfkill Watch.
         Starting Create Volatile Files and Directories...
[[0;32m  OK  [0m] Started Dispatch Password Requests to Console Directory Watch.
[[0;32m  OK  [0m] Started Create Volatile Files and Directories.
         Starting Update UTMP about System Boot/Shutdown...
[[0;32m  OK  [0m] Started Update UTMP about System Boot/Shutdown.
[[0;32m  OK  [0m] Started Set console font and keymap.
[[0;32m  OK  [0m] Created slice system-getty.slice.
[[0;32m  OK  [0m] Started LSB: AppArmor initialization.
[   43.265933] cloud-init[483]: Cloud-init v. 18.5-45-g3554ffe8-0ubuntu1~16.04.1 running 'init-local' at Tue, 30 Apr 2019 15:28:49 +0000. Up 42.60 seconds.
[[0;32m  OK  [0m] Started Initial cloud-init job (pre-networking).
[[0;32m  OK  [0m] Reached target Network (Pre).
[[0;32m  OK  [0m] Started ifup for enp0s3.
         Starting Raise network interfaces...
[[0;32m  OK  [0m] Started Raise network interfaces.
         Starting Initial cloud-init job (metadata service crawler)...
[[0;32m  OK  [0m] Reached target Network.
[   45.212540] cloud-init[963]: Cloud-init v. 18.5-45-g3554ffe8-0ubuntu1~16.04.1 running 'init' at Tue, 30 Apr 2019 15:28:51 +0000. Up 44.60 seconds.
[   45.217672] cloud-init[963]: ci-info: ++++++++++++++++++++++++++++++++++++++Net device info++++++++++++++++++++++++++++++++++++++
[   45.222296] cloud-init[963]: ci-info: +--------+------+----------------------------+---------------+--------+-------------------+
[   45.242187] cloud-init[963]: ci-info: | Device |  Up  |          Address           |      Mask     | Scope  |     Hw-Address    |
[   45.246768] cloud-init[963]: ci-info: +--------+------+----------------------------+---------------+--------+-------------------+
[   45.251460] cloud-init[963]: ci-info: | enp0s3 | True |         10.0.2.15          | 255.255.255.0 | global | 02:af:4d:d0:aa:e6 |
[   45.255979] cloud-init[963]: ci-info: | enp0s3 | True | fe80::af:4dff:fed0:aae6/64 |       .       |  link  | 02:af:4d:d0:aa:e6 |[[0;32m  OK  [0m] Started Initial cloud-init job (metadata service crawler).
[[0;32m  OK  [0m] Reached target Cloud-config availability.
[[0;32m  OK  [0m] Reached target System Initialization.
[[0;32m  OK  [0m] Listening on UUID daemon activation socket.

[[0;32m  OK  [0m] Started Daily apt download activities.
         [   45.422419] Starting Socket activation for snappy daemon.cloud-init
[963]: ci-info: |   lo   | True |         127.0.0.1          |   255.0.0.0   |  host  |         .         |
[   45.745490] cloud-init[963]: ci-info: |   lo   | True |          ::1/128           |       .       |  host  |         .         |
[   45.854409] cloud-init[963]: ci-info: +--------+------+----------------------------+---------------+--------+-------------------+
[   45.866843] cloud-init[963]: ci-info: +++++++++++++++++++++++++++Route IPv4 info++++++++++++++++++++++++++++
[   45.877467] cloud-init[963]: ci-info: +-------+-------------+----------+---------------+-----------+-------+
[   46.053613] cloud-init[963]: ci-info: | Route | Destination | Gateway  |    Genmask    | Interface | Flags |
[   46.054652] cloud-init[963]: ci-info: +-------+-------------+----------+---------------+-----------+-------+
[[0;32m  OK  [0m] Listening on D-Bus System Message Bus Socket.
[   46.055076] cloud-init[963]: ci-info: |   0   |   0.0.0.0   | 10.0.2.2 |    0.0.0.0    |   enp0s3  |   UG  |
[   46.688117] cloud-init[963]: ci-info: |   1   |   10.0.2.0  | 0.0.0.0  | 255.255.255.0 |   enp0s3  |   U   |
[   46.689006] cloud-init[963]: ci-info: +-------+-------------+----------+---------------+-----------+-------+
         Starting LXD - unix socket.
[[0;32m  OK  [0m[   46.689508] ] cloud-initStarted Daily Cleanup of Temporary Directories.[963]: 
ci-info: +++++++++++++++++++Route IPv6 info+++++++++++++++++++
[   46.870372] cloud-init[963]: ci-info: +-------+-------------+---------+-----------+-------+
[   46.870867] cloud-init[963]: ci-info: | Route | Destination | Gateway | Interface | Flags |
[[0;32m  OK  [0m] Started Daily apt upgrade and clean activities.
[   46.870925] cloud-init[963]: ci-info: +-------+-------------+---------+-----------+-------+
[   47.365391] cloud-init[963]: ci-info: |   0   |  fe80::/64  |    ::   |   enp0s3  |   U   |
[[   47.366218] [0;32m  OK  [0mcloud-init] [963]: Started ACPI Events Check.ci-info: |   3   |   ff00::/8  |    ::   |   enp0s3  |   U   |

[   47.521620] cloud-init[963]: ci-info: +-------+-------------+---------+-----------+-------+
[[0;32m  OK  [0m] Reached target Paths.
[[0;32m  OK  [0m] Listening on ACPID Listen Socket.
[[0;32m  OK  [0m] Reached target Timers.
[[0;32m  OK  [0m] Reached target Network is Online.
         Starting iSCSI initiator daemon (iscsid)...
[[0;32m  OK  [0m] Listening on Socket activation for snappy daemon.
[[0;32m  OK  [0m] Listening on LXD - unix socket.
[[0;32m  OK  [0m] Reached target Sockets.
[[0;32m  OK  [0m] Reached target Basic System.
[[0;32m  OK  [0m] Started Regular background program processing daemon.
         Starting System Logging Service...
[[0;32m  OK  [0m] Started FUSE filesystem for LXC.
         Starting Advanced key-value store...
         Starting LSB: MD monitoring daemon...
         Starting LSB: Record successful boot for GRUB...
[[0;32m  OK  [0m] Started Deferred execution scheduler.
         Starting Login Service...
[[0;32m  OK  [0m] Started An object/document-oriented database.
         Starting OpenBSD Secure Shell server...
[[0;32m  OK  [0m] Started D-Bus System Message Bus.
         Starting Virtualbox guest utils...
         Starting /etc/rc.local Compatibility...
[[0;32m  OK  [0m] Started ACPI event daemon.
         Starting Accounts Service...
         Starting LXD - container startup/shutdown...
         Starting Snappy daemon...
[[0;32m  OK  [0m] Started System Logging Service.
[[0;32m  OK  [0m] Started iSCSI initiator daemon (iscsid).
[[0;32m  OK  [0m] Started /etc/rc.local Compatibility.
[[0;32m  OK  [0m] Started OpenBSD Secure Shell server.
         Starting Login to default iSCSI targets...
[[0;32m  OK  [0m] Started Login Service.
[[0;32m  OK  [0m] Started Unattended Upgrades Shutdown.
[[0;32m  OK  [0m] Started LSB: MD monitoring daemon.
[[0;32m  OK  [0m] Started LSB: Record successful boot for GRUB.
[[0;32m  OK  [0m] Started Login to default iSCSI targets.
[[0;32m  OK  [0m] Reached target Remote File Systems (Pre).
[[0;32m  OK  [0m] Reached target Remote File Systems.
         Starting LSB: automatic crash report generation...
         Starting Permit User Sessions...
         Starting LSB: daemon to balance interrupts for SMP systems...
         Starting LSB: Set the CPU Frequency Scaling governor to "ondemand"...
         Starting Authenticate and Authorize Users to Run Privileged Tasks...
[[0;32m  OK  [0m] Started Virtualbox guest utils.
[[0;32m  OK  [0m] Started Permit User Sessions.
[[0;32m  OK  [0m] Started Advanced key-value store.
         Starting Terminate Plymouth Boot Screen...
         Starting Hold until boot process finishes up...
[[0;32m  OK  [0m] Started LSB: daemon to balance interrupts for SMP systems.
[[0;32m  OK  [0m] Started LSB: Set the CPU Frequency Scaling governor to "ondemand".
[[0;32m  OK  [0m] Started Terminate Plymouth Boot Screen.
[[0;32m  OK  [0m] Started Hold until boot process finishes up.
[[0;32m  OK  [0m] Started Authenticate and Authorize Users to Run Privileged Tasks.
[[0;32m  OK  [0m] Started Accounts Service.
[[0;32m  OK  [0m] Started Getty on tty1.
         Starting Set console scheme...
[[0;32m  OK  [0m] Started Serial Getty on ttyS0.
[[0;32m  OK  [0m] Reached target Login Prompts.
[[0;32m  OK  [0m] Started LXD - container startup/shutdown.
[[0;32m  OK  [0m] Started LSB: automatic crash report generation.
[[0;32m  OK  [0m] Started Set console scheme.
[[0;32m  OK  [0m] Started Snappy daemon.
         Starting Wait until snapd is fully seeded...
[[0;32m  OK  [0m] Started Wait until snapd is fully seeded.
         Starting Apply the settings specified in cloud-config...
[[0;32m  OK  [0m] Reached target Multi-User System.
[[0;32m  OK  [0m] Reached target Graphical Interface.
         Starting Update UTMP about System Runlevel Changes...
[[0;32m  OK  [0m] Started Update UTMP about System Runlevel Changes.
[   54.815023] cloud-init[1238]: Cloud-init v. 18.5-45-g3554ffe8-0ubuntu1~16.04.1 running 'modules:config' at Tue, 30 Apr 2019 15:29:01 +0000. Up 54.65 seconds.
[[0;32m  OK  [0m] Started Apply the settings specified in cloud-config.
         Starting Execute cloud user/final scripts...
[   55.737230] cloud-init[1251]: Cloud-init v. 18.5-45-g3554ffe8-0ubuntu1~16.04.1 running 'modules:final' at Tue, 30 Apr 2019 15:29:02 +0000. Up 55.56 seconds.
[   55.783032] cloud-init[1251]: Cloud-init v. 18.5-45-g3554ffe8-0ubuntu1~16.04.1 finished at Tue, 30 Apr 2019 15:29:02 +0000. Datasource DataSourceNoCloud [seed=/dev/sdb][dsmode=net].  Up 55.72 seconds
[[0;32m  OK  [0m] Started Execute cloud user/final scripts.
[[0;32m  OK  [0m] Reached target Cloud-init target.

Ubuntu 16.04.6 LTS ubuntu-xenial ttyS0

ubuntu-xenial login: 