[   0.000] Itilizing cgrro sbsyspuset
[    0.000000] Iniiaizing coup subsys cp
[    0.000] Initializig group subsyspuacct
[    0.000000] Linux version 4.4.0-1433-geric (buid@lgw01-a64-0) gcc ersion 4.0 21660(Uuntu .4.0-ubuu1~104.1 ) #9-buntu P ThFeb 07:551 U 201(Ubunt4.4.0-3.169generc .4.17
[   .00000 KNEL sport cpus:
[   .0000]  ntl GeuiInte
[    0.000]   AMD AuthenticAMD
[    0.000000]   NSC Geode by NSC
[    0.000000]   Cyrix CyrixInstead
[    0.000000]   Centaur CentaurHauls
[   .0000]  ransma GeineTMx
[  00000]   anmeta TransmetaCPU
[    0.000000]   UMC UMC UMC UMC
[    0.000000] x86/fpu: xstate_offset[2]:  576, xstate_sizes[2]:  256
[   .00000] 86/f: upporting XSVEeatur 01: 'x7 lotin pint reiser'
[   000000]x86/fpu: Supporting XSAVE feature x02: 'SSE registers'
[    0.000000] x86/fpu: Supporting XSAV feature 0x04: 'AVX registers'
[    0.000000] x86/fpu: Enabled xstate features 0x7, context size is 832 yts, usig standda' foma
[    0.00000e820: BIOS-provided physical RAM map:
[    0.00000]IOS-e820: [emx0000000000000000-0x000000000fbff]usle
  0.0000 BIO-e80:[mem0x0000000009fc00-0x000000000009ffff] reserved
[    0.000000] BIOS-e820: [mem 0000000000f0000x000000000ffff reseved
[    0.000000] BIOS-e820: [mm 0x0000000000100000-x000000003ffeffff] usable
[   0.000000] BIOS-e820: [mem 0x00000003ff000-0000000fffff]ACI data
[    0.000000] BIOS-e820: [mem 0x00000000fec00000-x0000000fec00fff] reserved
[    0.00000BIOS-820 [em x000000fee00-0x00000fee00f]resered
[    0.00000]IOS-e20 [mm 00000000fffc0000-0x00000000fffffff] reerve
[   0.0000] N (xecue isabl) rotcton: acve
[   0.0000]SMOS 25 reent.[   0.000] Hpevisor detted: KVM
[    0.000000] e820: last_pfn = 0x3fff0 max_arch_pfn = 0x1000000
[    0.000000] MTR:Diable
[   0.0000 x86/PAT: TRs isabled, skipping PAT initialization oo
[   .00000 CU MTRRsalblan -vitualed systm.
[   .00000]x86/PAT: Configuration [0-7]: WB  WT  UC- UC  WB  WT  UC- UC  
[   .000000] oud SM M-table atmem 0009f0-x009ff] pped at [c009fff0]
[    0.000000] Scanning 1 areas for low memory corruption
[    0.000000] RAMDISK: [mem 0x363c0000-0x371d7fff]
[    0.000000] ACPI: Early table checksum verification disabled
[    0.000000] ACPI: RSDP 0x00000000000E0000 000024 (v02 VBOX  )
[    0.000000] ACPI: XSDT 0x000000003FFF0030 00003C (v01 VBOX   VBOXXSDT 00000001 ASL  00000061)
[    0.000000] ACPI: FACP 0x000000003FFF00F0 00004 (04 BOX  VBXFAC 0000001 ASL  00000061)
[    0.000000] ACPI: DSDT 0x000000003FFF0470 0021F (02 VBOX  BOXBOS000002 ITL201052)
[   .000000 API: FCS 00000003FF020 0004
   0000000] ACPI: FACS 0x000000003FF000 00004
    0.00000] CPI:PI 0x000000003FFF0240 00005C (v02 VBOX  VXAPIC 00000001 ASL  00000061)
[    0.000000] ACPI: SSDT 0x000000003FFF02A0  0001CC (v01 VBX VBOXPU 000002 INL 010028
[   0.0000] 131B GHMEM available.
[    0.000000] 891MB OWEM available.
[    0.000000]   mappe lw ram:0 - 37fe000
[   .00000]  low am 0 37fe000
[   00000 km-clok:Usin ms 4b54d1 an4b64d0
[   000000]vmclock: cpu 0ms 0:bf001, imary cpu clock
[    0.000000] kvm-clock: using sched offset of 1112999784 ycles
[   .0000] ocsource: kvmclck:ask: xfffffffffff max_cle: 0xd42eff, ma_ilens 881590591483 ns
   0.00000 Zneranges:
[   0.0000] DMA    [m 0x0000000001000-0x0000000000ffffff]
[    0.000000]   Normal  [em 0x0000000001000000-0x0000000037bfdfff]
[   .000000  HighMem mem 00000007bf00-0x000000003ffeffff]
[    0.000000] Movable zone start for each ode
[    0.00000 Ely memory node ranges
[   .00000]  node   0:[mm 0x0000000001000-0x000000000009efff]
[   0.000000]   node   0: [mem 0x0000000000100000-0x000000003ffeffff]
[    0.000000] Initmem setup node 0 [mem 0x0000000000001000-0x000000003ffeffff]
[    0.000000] Using APIC driver default
[    0.000000] ACPI: PM-Timer IO Port: 0x4008
[    0.000000] IOAPIC[0]: apic_id 2, version 32, address 0xfec00000, GSI 0-23
[    0.00000] ACPI: INT_SRC_OVR (bus 0 bus_irq 0 global_irq 2 dfl dfl)
[    0.000000] ACPI: INT_SRC_OVR (bus 0 bus_irq 9 global_irq 9 low level)
[    0.000000] Using ACPI (MADT) for SMP configuration information
[    0.000000] smpboot: Allowing 2 CPUs, 0 hotplug CPUs
[    0.000000] PM: Registered nosave memory: [mem 0x00000000-0x00000fff]
[    0.000000] PM: Registered nosave memory: [mem 0x0009f000-0x0009ffff]
[    0.000000] PM: Registered nosave memory: [mem 0x000a0000-0x000effff]
[    0.000000] PM: Registered nosave memory: [mem 0x000f0000-0x000fffff]
[    0.000000] e820: [mem 0x40000000-0xfebfffff] available for PCI devices
[    0.000000] Booting paravirtualized kernel on KVM
[    0.000000] clocksource: refined-jiffies: mask: 0xffffffff max_cycles: 0xxfffffff, ma_ilens:765519600211568 ns
[    0.000000] setup_percpu: NRCPS:8 _cpumk_bis: nr_cpu_ids:2 nr_node_ids:1
[    0.000000] PERCPU: Embedded 19 pages/cpu @f6398000 s47308 r0 d30516 u77824
[   .0000] Built 1 zonelists in Zone order, mobility grouping on.  Total pages: 259800
[   .0000] Krnel cmmnd lne: BOOT_IMAGE=/boot/vmlinuz-4.4.0-143-generic root=LABEL=cloudimg-rootfs ro console=tty1 console=ttyS0
[    0.000000] PIDhash table entries: 4096 (order: 2, 16384 bytes)
[    0.000000] Dentry cache hash taleentries: 131072 (order: 7, 524288 bytes)
[    0.000000] Inode-cache hash table entries: 65536 (order: 6, 262144 bytes)
[    .000000] Initializing CPU#0
[    0.000000] Initializing HighMem for node 0 (00037bfe:0003fff0)
[    0.000000] Initializing Movable for node 0 (00000000:00000000)
[    0.000000] Memory: 1008336K/1048120K available (8096K kernel code, 791K rwdata, 3180K rodata, 932K init, 800K bss, 39784K reserved, 0K cma-reserved, 135112K highmem)
[   0.0000] virtual kernel memry layout:
[   0.000000]     fixmap : 0xfff15000 - 0xfffff000   ( 936 kB)
[   0.00000]     pkmap   : 0xffc00000 - 0xffe0000   2048 B)
[    0.000000]     vmalloc : 0xf83fe000 - 0xffbfe000   ( 120 MB)
[    0.000000]     lowmem  : xc00000  0xffe000   89MB)
   0.0000]     .init  0c1bcc00 -0xc1cb00   (32 kB)
[    0000000]       .data : 0xc17e8648 - 0xc1bcaec0   (3978 kB)
[    0.000000]       .text : 0xc1000000 - 0xc17e8648   (8097 kB)
[    0.000000] Checking if this processor honours the WP bit even in superrvisor mode...Ok.
[    0.000000] SLUB: HWalign=64, Order=0-3, MinObjects=0, CPUs=2, Nodes=1
[   .00000] ierarchical RCU implementation.
[   0.0000] 	Build-time adjustment of leaf fanout to 32.
[    0.000000] 	RCU restricting CPUsfrom NR_CPS=8 t nr_cpu_ids=2
[    0.000000] RCU: Adjusting geometry for rcu_fanout_leaf=32, nr_cpu_ids=2
[    0.000000 NR_IRQS:2304 nr_irqs:440 16
[    0.000000] Console: colour VGA+ 80x25
[    0.000000] console [tty1] enabled
[    0.000000] console [ttyS0] enabled
[    0.000000] allocated 1048576 bytes of page_ext
[    0.000000] tsc: Detected 2394.468 MHz processor
[   15.335041] Calibrating delay loop (skipped) preset value.. 4788.93 BogoMIPS (lpj=9577872)
[   15.338812] pid_max: default: 332768 minimum: 301
[   15.340942] ACPI: Core revision 20150930
[   15.344645] ACPI: 2 ACPI AML tables successfully acquired and loaded
[   15.349763] Security Framework initialized
[   15.352011] Yama: becoming mindful.
[   15.353603] AppArmor: AppArmor initialized
[   15.355394] Mount-cache hash table entries: 2048 (order: 1, 8192 bytes)
[   15.358052] Mountpoint-cache hash table entries: 2048 (order: 1, 8192 bytes)
[   15.362666] Initializing cgroup subsys io
[   15.365871] Initializing cgroup subsys memory
[   15.368380] Initializing cgroup subsys devices
[   15.370835] Initializing cgroup subsys freezer
[   15.380884] Initializing cgroup subsys net_cls
[   15.410852] Initializing cgroup subsys perf_event
[   15.440681] Initializing cgroup subsys net_prio
[   1.512188] Initializing cgroup subsys hugetlb
[   15.570820] Initializing cgroup subsys pids
[   15.583233] mce: CPU supports 0 MCE banks
[   15.600811] Last level iTLB entries: 4KB 1024, 2MB 1024, 4MB 1024
[   15.650276] Last level dTLB entries: 4KB 1024, 2MB 1024, 4MB 1024, 1GB 4
[   15.740568] Spectre V2 : Mitigation: Full generic retpoline
[   15.781262] Spectre V2 : Spectre v2 / SpectreRSB mitigation: Filling RSB on context switch
[   15.841221] Speculative Store Bypass: Vulnerable
[   15.874372] Freeing SMP alternatives memory: 36K
[   15.885724] ftrace: allocating 31552 entries in 62 pages
[   15.989728] smpboot: APIC(0) Converting physical 0 to logical package 0
[   16.061024] smpboot: Max logical packages: 1
[   16.080599] Enabling APIC mode:  Flat.  Using 1 I/O APICs
[   16.102786] ..TIMER: vector=0x30 apic1=0 pin1=2 apic2=-1 pin2=-1
[   16.323443] APIC calibration not consistent with PM-Timer: 97ms instead of 100ms
[   16.357910] APIC delta adjusted to PM-Timer: 6247871 (6065525)
[   16.381107] smpboot: CPU0: Intel(R) Core(TM) i5-4210U CPU @ 1.70GHz (family: 0x6, model: 0x45, stepping: 0x1)
[   16.552533] Performance Events: unsupported p6 CPU model 69 no PMU driver, software events only.
[   16.768300] KVM setup paravirtual spinlock
[   16.832113] x86: Booting SMP configuration:
[   16.882586] .... node  #0, CPUs:      #1
[1266874878.579553] Initializing CPU#1
[   16.966558] kvm-clock: cpu 1, msr 0:37bfd041, secondary cpu clock
[   16.990403] mce: CPU supports 0 MCE banks
[   16.993912] x86: Booted up 1 node, 2 CPUs
[   17.058481] smpboot: Total of 2 processors activated (9577.87 BogoMIPS)
[   17.120521] devtmpfs: initialized
[   17.158970] evm: security.selinux
[   17.160985] evm: security.SMACK64
[   17.189285] evm: security.SMACK64EXEC
[   17.197718] evm: security.SMACK64TRANSMUTE
[   17.223817] evm: security.SMACK64MMAP
[   17.226598] evm: security.ima
[   17.228235] evm: security.capability
[   17.231423] clocksource: jiffies: mask: 0xffffffff max_cycles: 0xffffffff, max_idle_ns: 7645041785100000 ns
[   17.302014] futex hash table entries: 512 (order: 3, 32768 bytes)
[   17.392743] pinctrl core: initialized pinctrl subsystem
[   17.449814] RTC time: 17:32:17, date: 04/25/19
[   17.490968] NET: Registered protocol family 16
[   17.553766] EISA bus registered
[   17.575102] cpuidle: using governor ladder
[   17.603091] cpuidle: using governor menu
[   17.642999] PCCT header not found.
[   17.651662] ACPI: bus type PCI registered
[   17.721340] acpiphp: ACPI Hot Plug PCI Controller Driver version: 0.5
[   17.761500] PCI : PCI BIOS area is rw and x. Use pci=nobios if you want it NX.
[   17.819971] PCI: PCI BIOS revision 2.10 entry at 0xfda26, last bus=0
[   17.918961] PCI: Using configuration type 1 for base access
[   18.018146] ACPI: Added _OSI(Module Device)
[   18.086538] ACPI: Added _OSI(Processor Device)
[   18.088990] ACPI: Added _OSI(3.0 _SCP Extensions)
[   18.108343] ACPI: Added _OSI(Processor Aggregator Device)
[   18.113069] ACPI: Executed 1 blocks of module-level executable AML code
[   18.121510] ACPI: Interpreter enabled
[   18.123533] ACPI: (supports S0 S5)
[   18.122662] ACPI: Using IOAPIC for interrupt routing
[   18.254255] PCI: Using host bridge windows from ACPI; if necessary, use "pci=nocrs" and report a bug
[   18.309471] ACPI: PCI Root Bridge [PCI0] (domain 0000 [bus 00-ff])
[   18.356937] acpi PNP0A03:00: _OSC: OS supports [ASPM ClockPM Segments MSI]
[   18.428724] acpi PNP0A03:00: _OSC: not requesting OS control; OS requires [ExtendedConfig ASPM ClockPM MSI]
[   18.465818] acpi PNP0A03:00: fail to add MMCONFIG information, can't access extended PCI configuration space under this bridge.
[   18.519107] PCI host bridge to bus 0000:00
[   18.563068] pci_bus 0000:00: root bus resource [io  0x0000-0x0cf7 window]
[   18.568460] pci_bus 0000:00: root bus resource [io  0x0d00-0xffff window]
[   18.621882] pci_bus 0000:00: root bus resource [mem 0x000a0000-0x000bffff window]
[   18.631299] pci_bus 0000:00: root bus resource [mem 0x40000000-0xfdffffff window]
[   18.668590] pci_bus 0000:00: root bus resource [bus 00-ff]
[   18.700585] pci 0000:00:01.1: legacy IDE quirk: reg 0x10: [io  0x01f0-0x01f7]
[   18.735723] pci 0000:00:01.1: legacy IDE quirk: reg 0x14: [io  0x03f6]
[   18.851292] pci 0000:00:01.1: legacy IDE quirk: reg 0x18: [io  0x0170-0x0177]
[   18.967844] pci 0000:00:01.1: legacy IDE quirk: reg 0x1c: [io  0x0376]
[   19.101776] pci 0000:00:07.0: quirk: [io  0x4000-0x403f] claimed by PIIX4 ACPI
[   19.145743] pci 0000:00:07.0: quirk: [io  0x4100-0x410f] claimed by PIIX4 SMB
[   19.165908] ACPI: PCI Interrupt Link [LNKA] (IRQs 5 9 10 *11)
[   19.235811] ACPI: PCI Interrupt Link [LNKB] (IRQs 5 9 *10 11)
[   19.298631] ACPI: PCI Interrupt Link [LNKC] (IRQs 5 *9 10 11)
[   19.302210] ACPI: PCI Interrupt Link [LNKD] (IRQs 5 9 10 *11)
[   19.305806] ACPI: Enabled 2 GPEs in block 00 to 07
[   19.386709] vgaarb: setting as boot device: PCI:0000:00:02.0
[   19.391804] vgaarb: device added: PCI:0000:00:02.0,decodes=io+mem,owns=io+mem,locks=none
[   19.444219] vgaarb: loaded
[   19.453495] vgaarb: bridge control possible 0000:00:02.0
[   19.553101] SCSI subsystem initialized
[   19.561126] ACPI: bus type USB registered
[   19.630810] usbcore: registered new interface driver usbfs
[   19.645517] usbcore: registered new interface driver hub
[   19.648024] usbcore: registered new device driver usb
[   19.655733] PCI: Using ACPI for IRQ routing
[   19.722435] NetLabel: Initializing
[   19.757738] NetLabel:  domain hash size = 128
[   19.846462] NetLabel:  protocols = UNLABELED CIPSOv4
[   19.849016] NetLabel:  unlabeled traffic allowed by default
[   19.852793] amd_nb: Cannot enumerate AMD northbridges
[   19.886949] clocksource: Switched to clocksource kvm-clock
[   1.9943] Apprmo: pAorFilesystem Enabled
[   20.311463] pnp: PnP ACPI init
[ 20331] pn P AI: found 3 devices
[   20.850703] PnPBIOS: Disabled by ACPI PNP

[  20902140] clocksource: acpi_pm: mask: 0xffffff max_cycles: 0xffffff, max_idle_ns: 2085701024 ns
[   20.980765] NET: Registered protocol family 2

[   20.983754] TCP established hash table entries: 8192 (order: 3, 32768 bytes)
[   20.987887] TCP bind hash table entries: 8192 (order: 4, 65536 bytes)
[   20.991386] TCP: Hash tables configured (established 8192 bind 8192)
[   20.994570] UDha tleentries: 512 (order: 2, 16384 bytes)
  1.54] P-te ash table entries: 512 (rd:  16384 yt)  2.80] NET: Registered protocol family 1
[   22.372346] pci 0000:00:00.0: Limiting direct PCI/PCI transfers
[   22.375905] pci 0000:00:01.0: Activating ISA DMA hang workarounds
[   22.378658] Unpacking initramfs...

[   22.831437] Freeing initrd memory: 14432K
[   22.833726] RAPL PMU detected, API unit is 2^-32 Joules, 4 fixed counters 10737418240 ms ovfl timer
[   22.838801] hw unit of domain pp0-core 2^-0 Joules
[   22.841381] hw unit of domain package 2^-0 Joules
[   22.843708] hw unit of domain dram 2^-0 Joules
[   22.847149] hw unit of domain pp1-gpu 2^-0 Joules
[   22.850144] platform rtc_cmos: registered platform RTC device (no PNP device found)
[   22.854119] Scanning for low memory corruption every 60 seconds
[   22.858912] audit: initializing netlink subsys (disabled)
[   22.861902] audit: type=2000 audit(1556213536.022:1): initialized
[   22.865439] Initialise system trusted keyring
[   22.870440] HugeTLB registered 2 MB page size, pre-allocated 0 pages
[   22.875801] zbud: loaded
[   22.878470] VFS: Disk quotas dquot_6.6.0
[   22.933492] VFS: Dquot-cache hash table entries: 1024 (order 0, 4096 bytes)
[   22.981444] squashfs: version 4.0 (2009/01/31) Phillip Lougher
[   2.031118] fuse init (API version 7.23)

[   23.078205] Key type big_key registered
[   23.080616] Allocating IMA MOK and blacklist keyrings.
[   23.086471] Key type asymmetric registered
[   23.089640] Asymmetric key parser 'x509' registered
[   23.092055] bounce: pool size: 64 pages
[   23.095948] Block layer SCSI generic (bsg) driver version 0.4 loaded (major 249)
[   23.191068] io scheduler noop registered
[   23.277238] io scheduler deadline registered (default)
[   23.334682] io scheduler cfq registered
[   23.343964] pci_hotplug: PCI Hot Plug PCI Core version: 0.5
[   23.357619] pciehp: PCI Express Hot Plug Controller Driver version: 0.4
[   23.415510] ACPI: AC Adapter [AC] (on-line)
[   23.473499] input: Power Button as /devices/LNXSYSTM:00/LNXPWRBN:00/input/input0
[ 2384084AC: owerButo[PF]
[  4.929]np: eeBuons evceLNXSYSTM:00/LNXSLPBN:00/np/inpt1[ 2507012] tsc: Refined TSC clocksource calibration: 2392.643 MHz

[   25.263712] clocksource: tsc: mask: 0xffffffffffffffff max_cycles: 0x227d119e026, max_idle_ns: 440795216125 ns
[   25.263878] ACPI: Sleep Button [SLPF]
[   25.265364] ACPI: Battery Slot [BAT0] (battery present)
[   25.265427] GHES: HEST is not enabled!
[   25.265615] isapnp: Scanning for PnP cards...
[   25.322326] Serial: 8250/16550 driver, 32 ports, IRQ sharing enabled
ÿ[   25.380411] 00:02: ttyS0 at I/O 0x3f8 (irq = 4, base_baud = 115200) is a 16550A
[   25.412265] Linux agpgart interface v0.103
[   25.429545] loop: module loaded
[   25.460270] scsi host0: ata_piix
[   25.475983] scsi host1: ata_piix
[   25.488822] ata1: PATA max UDMA/33 cmd 0x1f0 ctl 0x3f6 bmdma 0xd000 irq 14
[   25.555807] ata2: PATA max UDMA/33 cmd 0x170 ctl 0x376 bmdma 0xd008 irq 15
[   25.597447] libphy: Fixed MDIO Bus: probed
[   25.661952] tun: Universal TUN/TAP device driver, 1.6
[   25.681804] isapnp: No Plug & Play device found
[   25.702991] tun: (C) 1999-2004 Max Krasnyansky <maxk@qualcomm.com>
[   25.738129] PPP generic driver version 2.4.2
[   25.761416] ehci_hcd: USB 2.0 'Enhanced' Host Controller (EHCI) Driver
[   25.812846] ehci-pci: EHCI PCI platform driver
[   25.815116] ehci-platform: EHCI generic platform driver
[   25.837414] ohci_hcd: USB 1.1 'Open' Host Controller (OHCI) Driver
[   25.840887] ohci-pci: OHCI PCI platform driver
[   25.844008] ohci-platform: OHCI generic platform driver
[   25.846648] uhci_hcd: USB Universal Host Controller Interface driver
[   25.858895] i8042: PNP: PS/2 Controller [PNP0303:PS2K,PNP0f03:PS2M] at 0x60,0x64 irq 1,12
[   25.875014] serio: i8042 KBD port at 0x60,0x64 irq 1
[   25.880993] serio: i8042 AUX port at 0x60,0x64 irq 12
[   25.971342] mousedev: PS/2 mouse device common for all mice
[   26.028699] input: AT Translated Set 2 keyboard as /devices/platform/i8042/serio0/input/input2
[   26.052593] rtcmosrtcmos: rtc core: registered rtc_cmos as rtc0
[   26.407268] rtc_cmos rtc_cmos: alarms up to one day, 114 bytes nvram
[   26.510934] i2c /dev entries driver
[   26.548930] device-mapper: uevent: version 1.0.3
[   26.571572] device-mapper: ioctl: 4.34.0-ioctl (2015-10-28) initialised: dm-devel@redhat.com
[   26.597845] platform eisa.0: Probing EISA bus 0
[   26.600763] platform eisa.0: EISA: Cannot allocate resource for mainboard
[   26.603655] platform eisa.0: Cannot allocate resource for EISA slot 1
[   26.607330] platform eisa.0: Cannot allocate resource for EISA slot 2
[   26.611226] platform eisa.0: Cannot allocate resource for EISA slot 3
[   26.614168] platform eisa.0: Cannot allocate resource for EISA slot 4
[   26.617783] platform eisa.0: Cannot allocate resource for EISA slot 5
[   26.621274] platform eisa.0: Cannot allocate resource for EISA sot 6
[  26.695031] platform eisa.0: Cannot allocate resource for EISA slot 7
[   26.734423] platfor ea.0: Cannot allocate resource for EISA slot 8

[   26.842792] platform eisa.0: EISA: Detected 0 cards
[   26.86351] pueq-nrc2:o ore2 cipt.
[   27.395123] ledtrig-cpu: registered to indicae activityon CPUs
[   27.521172 N: Registered protocol family 10

[   27.640497] NET: Registered protocol family 17
[   27.642468] Key type dns_resolver registered
[ 27.644925] UsingIPI NoShortcut mode

[   27.795254] registered taskstats version 1
[  27.79614Loading compiled-in X.509 certificates
  8.9269] Laded.509er'Bldimaugeerted kernel key: 07323bf4cbe5af5de50750eb29f3b'

[   29.25196]sw: ad using pool lzo/zbud

[   29.688694] Key type trusted registered
[   29.698443] Key type encrypted registered
[   29.700926] AppArmor: AppArmor sha1 policy hashing enabled
[   29.703570] ima: No TPM chip found, activating TPM-bypass!
[   29.706297] ima: Allocated hash algorithm: sha1
[   29.709418] evm: HMAC attrs: 0x1
[   29.711734]   Magic number: 15:148:543
[   29.717543] rtc_cmos rtc_cmos: setting system clock to 2019-04-25 17:32:29 UTC (1556213549)
[   29.722111] BIOS EDD facility v0.16 2004-Jun-25, 0 devices found
[   29.725033] EDD information not available.
[   29.729741] Freeing unused kernel memory: 932K
[   29.744822] Write protecting the kernel text: 8100k
[   29.761574] Write protecting the kernel read-only data: 3184k
[   30.705295] NX-protecting the kernel data: 6236k
Loading, please wait...
starting version[   31.889540] random: systemd-udevd: uninitialized urandom read (16 bytes read, 3 bits of entropy available)
 229
[   31.890649] random: udevadm: uninitialized urandom read (16 bytes read, 3 bits of entropy available)
[   31.910406] random: udevadm: uninitialized urandom read (16 bytes read, 3 bits of entropy available)
[   31.910488] random: udevadm: uninitialized urandom read (16 bytes read, 3 bits of entropy available)
[   31.910751] random: udevadm: uninitialized urandom read (16 bytes read, 3 bits of entropy available)
[   31.910869] random: udevadm: uninitialized urandom read (16 bytes read, 3 bits of entropy available)
[   31.910963] random: udevadm: uninitialized urandom read (16 bytes read, 3 bits of entropy available)
[   31.911068] random: udevadm: uninitialized urandom read (16 bytes read, 3 bits of entropy available)
[   31.911162] random: udevadm: uninitialized urandom read (16 bytes read, 3 bits of entropy available)
[   31.911256] random: udevadm: uninitialized urandom read (16 bytes read, 3 bits of entropy available)
[   32.723682] e1000: Intel(R) PRO/1000 Network Driver - version 7.3.21-k8-NAPI
[   32.726915] e1000: Copyright (c) 1999-2006 Intel Corporation.
[   32.738971] Fusion MPT base driver 3.04.20
[   32.771416] Copyright (c) 1999-2008 LSI Corporation
[   32.886008] Fusion MPT SPI Host driver 3.04.20
[   32.985253] input: ImExPS/2 Generic Explorer Mouse as /devices/platform/i8042/serio1/input/input4
[   33.862911] e1000 0000:00:03.0 eth0: (PCI:33MHz:32-bit) 02:af:4d:d0:aa:e6
[   33.931164] e1000 0000:00:03.0 eth0: Intel(R) PRO/1000 Network Connection
[   34.042402] mptbase: ioc0: Initiating bringup
[   34.043307] e1000 0000:00:03.0 enp0s3: renamed from eth0
[   34.117442] ioc0: LSI53C1030 A0: Capabilities={Initiator}
[   34.314272] scsi host2: ioc0: LSI53C1030 A0, FwRev=00000000h, Ports=1, MaxQ=256, IRQ=20
[   34.541630] scsi 2:0:0:0: Direct-Access     VBOX     HARDDISK         1.0  PQ: 0 ANSI: 5
[   34.599638] scsi target2:0:0: Beginning Domain Validation
[   34.618380] scsi target2:0:0: Domain Validation skipping write tests
[   34.646414] scsi target2:0:0: Ending Domain Validation
[   34.656051] scsi target2:0:0: asynchronous
[   34.658622] scsi 2:0:1:0: Direct-Access     VBOX     HARDDISK         1.0  PQ: 0 ANSI: 5
[   34.663088] scsi target2:0:1: Beginning Domain Validation
[   34.703584] scsi target2:0:1: Domain Validation skipping write tests
[   34.741086] scsi target2:0:1: Ending Domain Validation
[   34.770419] scsi target2:0:1: asynchronous
[   34.786234] sd 2:0:0:0: [sda] 20971520 512-byte logical blocks: (10.7 GB/10.0 GiB)
[   34.947600] sd 2:0:0:0: Attached scsi generic sg0 type 0
[   35.047518] sd 2:0:1:0: Attached scsi generic sg1 type 0
[   35.127244] sd 2:0:1:0: [sdb] 20480 512-byte logical blocks: (10.5 MB/10.0 MiB)
[   35.130136] sd 2:0:0:0: [sda] Write Protect is off
[   35.131681] sd 2:0:0:0: [sda] Incomplete mode parameter data
[   35.131684] sd 2:0:0:0: [sda] Assuming drive cache: write through
[   35.151927]  sda: sda1
[   35.156102] sd 2:0:0:0: [sda] Attached SCSI disk
[   35.227734] sd 2:0:1:0: [sdb] Write Protect is off
[   35.266646] sd 2:0:1:0: [sdb] Incomplete mode parameter data
[   35.344470] sd 2:0:1:0: [sdb] Assuming drive cache: write through
[   35.455354] sd 2:0:1:0: [sdb] Attached SCSI disk
Begin: Loading e[   37.762419] md: linear personality registered for level -1
ssential drivers ... [   37.775576] md: multipath personality registered for level -4
[   37.825223] md: raid0 personality registered for level 0
[   37.899367] md: raid1 personality registered for level 1
[   38.016421] raid6: mmxx1    gen()  2439 MB/s
[   38.084514] raid6: mmxx2    gen()  2945 MB/s
[   38.224597] raid6: sse1x1   gen()  2930 MB/s
[   38.341181] raid6: sse1x2   gen()  2635 MB/s
[   38.436633] raid6: sse2x1   gen()  4990 MB/s
[   38.553161] raid6: sse2x1   xor()  5574 MB/s
[   38.684694] raid6: sse2x2   gen()  8104 MB/s
[   38.816686] raid6: sse2x2   xor()  5828 MB/s
[   38.893181] raid6: avx2x1   gen() 10641 MB/s
[   38.996719] raid6: avx2x2   gen() 10949 MB/s
[   39.030301] raid6: using algorithm avx2x2 gen() 10949 MB/s
[   39.068139] raid6: using avx2x1 recovery algorithm
[   39.108689] xor: automatically using best checksumming function:
[   39.181209]    avx       : 22677.000 MB/sec
[   39.250338] async_tx: api initialized (async)
[   39.290379] md: raid6 personality registered for level 6
[   39.388912] md: raid5 personality registered for level 5
[   39.477322] md: raid4 personality registered for level 4
[   39.612457] md: raid10 personality registered for level 10
done.
Begin: Running /scripts/init-premount ... done.
Begin: Mounting root file system ... Begin: Running /scripts/local-top ... done.
Begin: Running /scripts/local-premount ... [   39.695215] Btrfs loaded
Scanning for Btrfs filesystems
done.
Warning: fsck not present, so skipping root file system
[   40.218755] EXT4-fs (sda1): mounted filesystem with ordered data mode. Opts: (null)
done.
Begin: Running /scripts/local-bottom ... done.
Begin: Running /scripts/init-bottom ... done.
[   40.707543] random: nonblocking pool is initialized
[   43.546888] systemd[1]: systemd 229 running in system mode. (+PAM +AUDIT +SELINUX +IMA +APPARMOR +SMACK +SYSVINIT +UTMP +LIBCRYPTSETUP +GCRYPT +GNUTLS +ACL +XZ -LZ4 +SECCOMP +BLKID +ELFUTILS +KMOD -IDN)
[   43.812456] systemd[1]: Detected virtualization oracle.
[   43.860998] systemd[1]: Detected architecture x86.

Welcome to [1mUbuntu 16.04.6 LTS[0m!

[   44.025]ysmd[1]: et hostname to <ubuntu>.

[   4.80715sytem[1: itliing machneIDfrom radomgerator.

[   45.518396] systemd[1]: Installed transient /etc/machine-id file.
[ 48.321968] sstd[1: acd tageEncryteVoums.
[[0;32m  OK  [0m] Reached target Encrypted Volumes.
[   4103125] systemd[1]: Listening onudev Kernel Socket.
[[0;32m  OK  [0m] Listening on udev Kernel Socket.
[  43291syte[1 Lteing on LV mada em ske
[[0;32m  OK  [0m] Listening on LVM2 metadata daemon socket.
[   5.321 ste[1 Srt Tigger resolvconf update for networkd DNS.

[[0;32m  OK  [0m] Started Trigger resolvconf update for networkd DNS.
[   50.806] stmd1] Rch trget Swap.

[[0;32m  OK  [0m] Reached target Swap.
[ 51378835] syste[1 LtengonJonal Auitoct.
[[0;32m  OK  [0m] Listening on Journal Audit Socket.
[   2.785] stemd1]Lienngn evonoloct.
[[0;32m  OK  [0m] Listening on udev Control Socket.
[ 52920324] std[: ached trgt erndro NmeLokups.
[[0;32m  OK  [0m] Reached target User and Group Name Lookups.
[   .794523]syem1]Lieng  Syslog Socke.
[[0;32m  OK  [0m] Listening on Syslog Socket.
[   5.305 stemd[1]: Reached target System Time Synchronized.

[[0;32m  OK  [0m] Reached target System Time Synchronized.
[   54.533071] systemd[1]: Created slice System Slice.
[[0;32m  OK  [0m] Created slice System Slice.
[   54.541813] systemd[1]: Started Forward Password Requests to Wall Directory Watch.
[[0;32m  OK  [0m] Started Forward Password Requests to Wall Directory Watch.
[   54.552233] systemd[1]: Listening on Journal Socket (/dev/log).
[[0;32m  OK  [0m] Listening on Journal Socket (/dev/log).
[   54.561294] systemd[1]: Created slice system-serial\x2dgetty.slice.
[[0;32m  OK  [0m] Created slice system-serial\x2dgetty.slice.
[  56312sytemd[]: Created slice User and Session Slice.

[[0;32m  OK  [0m] Created slice User and Session Slice.
[   54.934757] systemd[1]: Reached target Slices.
[[0;32m  OK  [0m] Reached target Slices.
[   54.957487] systemd[1]: Listening on /dev/initctl Compatibility Named Pipe.
[[0;32m  OK  [0m] Listening on /dev/initctl Compatibility Named Pipe.
[   5.19415] systed[1]: Set up automount Arbitrary Executable File Formats File System Automount Point.

[0;32m  OK  [0m] Set up automount Arbitrary Executab...ats File System Automount Point.
[  55357794]syem1]Lienngn ournl ck.
[[0;32m  OK  [0m] Listening on Journal Socket.
[   56.141819] systemd[1]: Starting Create list of required static device nodes for the current kernel...
         Starting Create list of required st... nodes for the current kernel...
[   56.234155] systemd[1]: Starting Set console keymap...
         Starting Set console keymap...
[   56.241160] systemd[1]: Mounting Debug File System...
         Mounting Debug File System...
[   56.997365] systemd[1]: Starting Load Kernel Modules...
         Starting Load Kernel Modules...
[   57.003664] systemd[1]: Mounting POSIX Message Queue File System...
         Mounting POSIX Message Queue File System...
[   57.013994] systemd[1]: Starting Remount Root and Kernel File Systems...
         Starting Remount Root and Kernel File Systems...
[   57.133292] systemd[1]: Starting Uncomplicated firewall...
         Starting Uncomplicated firewall...
[   57.368137] EXT4-fs (sda1): re-mounted. Opts: (null)
[   57.571306] Loading iSCSI transport class v2.0-870.
[   57.621928] systemd[1]: Starting Nameserver information manager...
         Starting Nameserver information manager...
[   57.635972] systemd[1]: Mounting Huge Pages File System...
         Mounting Huge Pages File System...
[   57.640358] systemd[1]: Starting Journal Service...
         Starting Journal Service...
[   57.643568] systemd[1]: Listening on Device-mapper event daemon FIFOs.
[[0;32m  OK  [0m] Listening on Device-mapper event daemon FIFOs.
[   57.649323] systemd[1]: Starting Monitoring of LVM2 mirrors, snapshots etc. using dmeventd or progress polling...
         Starting Monitoring of LVM2 mirrors... dmeventd or progress polling...
[   57.665737] systemd[1]: Listening on LVM2 poll daemon socket.
[[0;32m  OK  [0m] Listening on LVM2 poll daemon socket.
[   57.770374] systemd[1]: Mounted POSIX Message Queue File System.
[[0;32m  OK  [0m] Mounted POSIX Message Queue File System.
[   58.006019] systemd[1]: Mounted Huge Pages File System.
[[0;32m  OK  [0m] Mounted Huge Pages File System.
[   58.121324] systemd[1]: Mounted Debug File System.
[[0;32m  OK  [0m] Mounted Debug File System.
[   58.220606] systemd[1]: Started Create list of required static device nodes for the current kernel.
[[0;32m  OK  [0m] Started Create list of required sta...ce nodes for the curren[   58.339981] iscsi: registered transport (tcp)
t kernel.
[   58.702535] systemd[1]: Started Set console keymap.
[[0;32m  OK  [0m] Started Set console keymap.
[   58.755165] systemd[1]: Started Remount Root and Kernel File Systems.
[[0;32m  OK  [0m] Started Remount Root and Kernel File Systems.
[   58.827003] systemd[1]: Started Uncomplicated firewall.
[[0;32m  OK  [0m] Started Uncomplicated firewall.
[   58.973438] systemd[1]: Starting Load/Save Random Seed...
         Starting Load/Save Random Seed...
[   59.196705] systemd[1]: Starting udev Coldplug all Devices...
         Starting udev Coldplug all Devices...
[   59.301653] systemd[1]: Starting Create Static Device Nodes in /dev...
         Starting Create Static Device Nodes in /dev...
[   59.413892] systemd[1]: Started Nameserver information manager.
[[0;32m  OK  [0m] Started Nameserver information manager.
[   59.618612] systemd[1]: Started Load/Save Random Seed.
[[0;32m  OK  [0m] Started Load/Save Random Seed.
[   59.805767] systemd[1]: Started Journal Service.
[[0;32m  OK  [0m] Started Journal Service.
[[0;32m  OK  [0m] Started udev Coldplug all Devices.
         Starting Flush Journal to Persistent Storage...
[[0;32m  OK  [0m] Started LVM2 metadata daemon.
[   60.493718] iscsi: registered transport (iser)
[[0;32m  OK  [0m] Started Load Kernel Modules.
         Starting Apply Kernel Variables...
         Mounting FUSE Control File System...
[[0;32m  OK  [0m] Mounted FUSE Control File System.
[   61.042581] systemd-journald[391]: Received request to flush runtime journal from PID 1
[[0;32m  OK  [0m] Started Flush Journal to Persistent Storage.
[[0;32m  OK  [0m] Started Apply Kernel Variables.
[[0;32m  OK  [0m] Started Monitoring of LVM2 mirrors,...ng dmeventd or progress polling.
[[0;32m  OK  [0m] Started Create Static Device Nodes in /dev.
         Starting udev Kernel Device Manager...
[[0;32m  OK  [0m] Reached target Local File Systems (Pre).
[[0;32m  OK  [0m] Reached target Local File Systems.
         Starting Tell Plymouth To Write Out Runtime Data...
         Starting Initial cloud-init job (pre-networking)...
         Starting Create Volatile Files and Directories...
         Starting LSB: AppArmor initialization...
         Starting Set console font and keymap...
         Starting Commit a transient machine-id on disk...
[[0;32m  OK  [0m] Started Commit a transient machine-id on disk.
[[0;32m  OK  [0m] Started Create Volatile Files and Directories.
         Starting Update UTMP about System Boot/Shutdown...
[[0;32m  OK  [0m] Started Tell Plymouth To Write Out Runtime Data.
[[0;32m  OK  [0m] Started Update UTMP about System Boot/Shutdown.
[[0;32m  OK  [0m] Started udev Kernel Device Manager.
[[0;32m  OK  [0m] Started Dispatch Password Requests to Console Directory Watch.
[[0;32m  OK  [0m] Found device /dev/ttyS0.
[[0;32m  OK  [0m] Listening on Load/Save RF Kill Switch Status /dev/rfkill Watch.
[[0;32m  OK  [0m] Started LSB: AppArmor initialization.
[[0;32m  OK  [0m] Started Set console font and keymap.
[[0;32m  OK  [0m] Created slice system-getty.slice.
[   89.618492] cloud-init[461]: Cloud-init v. 18.5-45-g3554ffe8-0ubuntu1~16.04.1 running 'init-local' at Thu, 25 Apr 2019 17:33:39 +0000. Up 80.75 seconds.
[[0;32m  OK  [0m] Started Initial cloud-init job (pre-networking).
[[0;32m  OK  [0m] Reached target Network (Pre).
         Starting Raise network interfaces...
[[0;32m  OK  [0m] Started Raise network interfaces.
         Starting Initial cloud-init job (metadata service crawler)...
[[0;32m  OK  [0m] Reached target Network.
[  102.847395] cloud-init[933]: Cloud-init v. 18.5-45-g3554ffe8-0ubuntu1~16.04.1 running 'init' at Thu, 25 Apr 2019 17:33:51 +0000. Up 92.76 seconds.
[  102.853018] cloud-init[933]: ci-info: ++++++++++++++++++++++++++++++++++++++Net device info++++++++++++++++++++++++++++++++++++++
[  102.858338] cloud-init[933]: ci-info: +--------+------+----------------------------+---------------+--------+-------------------+
[  102.864061] cloud-init[933]: ci-info: | Device |  Up  |          Address           |      Mask     | Scope  |     Hw-Address    |
[  102.869266] cloud-init[933]: ci-info: +--------+------+----------------------------+---------------+--------+-------------------+
[  102.874510] cloud-init[933]: ci-info: | enp0s3 | True |         10.0.2.15          | 255.255.255.0 | global | 02:af:4d:d0:aa:e6 |
[  102.879663] cloud-init[933]: ci-info: | enp0s3 | True | fe80::af:4dff:fed0:aae6/64 |       .       |  link  | 02:af:4d:d0:aa:e6 |
[  102.884948] cloud-init[933]: ci-info: |   lo   | True |         127.0.0.1          |   255.0.0.0   |  host  |         .         |
[  102.890126] cloud-init[933]: ci-info: |   lo   | True |          ::1/128           |       .       |  host  |         .         |
[  102.930657] cloud-init[933]: ci-info: +--------+------+----------------------------+---------------+--------+-------------------+
[  102.987712] cloud-init[933]: ci-info: +++++++++++++++++++++++++++Route IPv4 info++++++++++++++++++++++++++++
[  103.019456] cloud-init[933]: ci-info: +-------+-------------+----------+---------------+-----------+-------+
[  103.019781] cloud-init[933]: ci-info: | Route | Destination | Gateway  |    Genmask    | Interface | Flags |
[  103.030468] cloud-init[933]: ci-info: +-------+-------------+----------+---------------+-----------+-------+
[[  103.054134] cloud-init[933]: ci-info: |   0   |   0.0.0.0   | 10.0.2.2 |    0.0.0.0    |   enp0s3  |   UG  |
[  103.054554] cloud-init[933]: ci-info: |   1   |   10.0.2.0  | 0.0.0.0  | 255.255.255.0 |   enp0s3  |   U   |
[0;32m  OK  [0m[  103.061364] cloud-init[933]: ci-info: +-------+-------------+----------+---------------+-----------+-------+
[  103.062120] cloud-init[933]: ci-info: +++++++++++++++++++Route IPv6 info+++++++++++++++++++
[  103.063905] cloud-init[933]: ci-info: +-------+-------------+---------+-----------+-------+
[  103.069773] cloud-init[933]: ci-info: | Route | Destination | Gateway | Interface | Flags |
[  103.071666] cloud-init[933]: ci-info: +-------+-------------+---------+-----------+-------+
[  103.071897] cloud-init[933]: ci-info: |   0   |  fe80::/64  |    ::   |   enp0s3  |   U   |
[  103.072177] cloud-init[933]: ci-info: |   3   |   ff00::/8  |    ::   |   enp0s3  |   U   |
[  103.072490] cloud-init[933]: ci-info: +-------+-------------+---------+-----------+-------+
[  103.072738] cloud-init[933]: Generating public/private rsa key pair.
[  103.072978] cloud-init[933]: Your identification has been saved in /etc/ssh/ssh_host_rsa_key.
[  103.073170] cloud-init[933]: Your public key has been saved in /etc/ssh/ssh_host_rsa_key.pub.
[  103.073384] cloud-init[933]: The key fingerprint is:
[  103.073625] cloud-init[933]: SHA256:IkW660L8JSnSlvy6p8VIJroZBJrcYvIVbyNDtXa3Vb4 root@ubuntu-xenial
[  103.073865] cloud-init[933]: The key's randomart image is:
[  103.074101] cloud-init[933]: +---[RSA 2048]----+
[  103.074290] cloud-init[933]: |      o       .  |
[  103.074516] cloud-init[933]: |     + .     o   |
[  103.074731] cloud-init[933]: |.   + + . . . .  |
] Started Initial cloud-init job (metadata service crawler).
[[0;32m  OK  [0m] Reached target System Initialization.
         Starting Socket activation for snappy daemon.
[[0;32m  OK  [0m] Listening on UUID daemon activation socket.[  103.074999] cloud-init[933]: |+... * . . o   . |
[  103.307643] cloud-init[933]: |=Ooo*.= S .   E  |
[  103.309375] cloud-init[933]: |*=X+o*.o         |
[  103.310213] cloud-init[933]: |o+o++o           |
[  103.311074] cloud-init[933]: | +.o+            |
[  103.311442] cloud-init[933]: |o +*.            |
[  103.312735] cloud-init[933]: +----[SHA256]-----+
[  103.313613] cloud-init[933]: Generating public/private dsa key pair.
[  103.317558] cloud-init[933]: Your identification has been saved in /etc/ssh/ssh_host_dsa_key.
[  103.317685] cloud-init[933]: Your public key has been saved in /etc/ssh/ssh_host_dsa_key.pub.
[  103.317785] cloud-init[933]: The key fingerprint is:
[  103.317860] cloud-init[933]: SHA256:Ez9B/Uk4fatwD3Gy+6smklOV7STHs7OJ5b0c23osjSw root@ubuntu-xenial
[  103.317930] cloud-init[933]: The key's randomart image is:
[  103.318053] cloud-init[933]: +---[DSA 1024]----+
[  103.318128] cloud-init[933]: |          .. o   |
[  103.318194] cloud-init[933]: |         .  +oo..|
[  103.318268] cloud-init[933]: |        . .  +Oo.|
[  103.318335] cloud-init[933]: |         o o BoB |
[  103.318402] cloud-init[933]: |        S o + X o|
[  103.318493] cloud-init[933]: |         . o o * |
[  103.318573] cloud-init[933]: |          o  .===|
[  103.318638] cloud-init[933]: |         + .Eo==O|
[  103.318707] cloud-init[933]: |          o oooO+|
[  103.318778] cloud-init[933]: +----[SHA256]-----+
[  103.318843] cloud-init[933]: Generating public/private ecdsa key pair.
[  103.318910] cloud-init[933]: Your identification has been saved in /etc/ssh/ssh_host_ecdsa_key.
[  103.319004] cloud-init[933]: Your public key has been saved in /etc/ssh/ssh_host_ecdsa_key.pub.
[  103.319079] cloud-init[933]: The key fingerprint is:
[  103.319143] cloud-init[933]: SHA256:ttTxSa2cJwBYpF6mBG43QbWmkClVK2/qtLvGjlR4sBI root@ubuntu-xenial
[  103.319209] cloud-init[933]: The key's randomart image is:
[  103.319274] cloud-init[933]: +---[ECDSA 256]---+
[  103.319339] cloud-init[933]: |    oo+==        |
[  103.319404] cloud-init[933]: |   o +.+ o   .   |
[  103.319492] cloud-init[933]: |E o B * = o . .  |
[  103.319569] cloud-init[933]: | . * B B . * +   |
[  103.319643] cloud-init[933]: |. o o * S . B .  |
[  103.319707] cloud-init[933]: | . o o o .   o   |
[  103.319772] cloud-init[933]: |  ..o   .        |
[  103.319838] cloud-init[933]: | . +o.           |
[  103.319902] cloud-init[933]: |  .o*o           |
[  103.320015] cloud-init[933]: +----[SHA256]-----+
[  103.320093] cloud-init[933]: Generating public/private ed25519 key pair.
[  103.320161] cloud-init[933]: Your identification has been saved in /etc/ssh/ssh_host_ed25519_key.
[  103.320228] cloud-init[933]: Your public key has been saved in /etc/ssh/ssh_host_ed25519_key.pub.
[  103.320293] cloud-init[933]: The key fingerprint is:
[  103.320358] cloud-init[933]: SHA256:zqyCsB3aRhsidaKFGsLe+3xzdbGyJVlqcJbRq9vu8RI root@ubuntu-xenial
[  103.320427] cloud-init[933]: The key's randomart image is:
[  103.320520] cloud-init[933]: +--[ED25519 256]--+
[  103.320591] cloud-init[933]: |            .    |
[  103.320656] cloud-init[933]: |           . .   |
[  103.320722] cloud-init[933]: |..          o .  |
[  103.320786] cloud-init[933]: |+.+ .    . + +   |
[  103.320851] cloud-init[933]: |+=.o    S + = o  |
[  103.320915] cloud-init[933]: |*.+.   +   O E   |
[  103.321039] cloud-init[933]: |.O =.   + o O..  |
[  103.321115] cloud-init[933]: |o *.o  + . o oo  |
[  103.321522] cloud-init[933]: | .  .+o o   oo.. |
[  103.321601] cloud-init[933]: +----[SHA256]-----+

         Starting LXD - unix socket.
[[0;32m  OK  [0m] Listening on D-Bus System Message Bus Socket.
[[0;32m  OK  [0m] Started Daily apt download activities.
[[0;32m  OK  [0m] Started Daily Cleanup of Temporary Directories.
[[0;32m  OK  [0m] Started Daily apt upgrade and clean activities.
[[0;32m  OK  [0m] Reached target Timers.
[[0;32m  OK  [0m] Listening on ACPID Listen Socket.
[[0;32m  OK  [0m] Started ACPI Events Check.
[[0;32m  OK  [0m] Reached target Paths.
[[0;32m  OK  [0m] Reached target Network is Online.
         Starting iSCSI initiator daemon (iscsid)...
[[0;32m  OK  [0m] Reached target Cloud-config availability.
[[0;32m  OK  [0m] Listening on Socket activation for snappy daemon.
[[0;32m  OK  [0m] Listening on LXD - unix socket.
[[0;32m  OK  [0m] Reached target Sockets.
[[0;32m  OK  [0m] Reached target Basic System.
[[0;32m  OK  [0m] Started ACPI event daemon.
         Starting LSB: MD monitoring daemon...
[[0;32m  OK  [0m] Started Regular background program processing daemon.
         Starting LSB: Record successful boot for GRUB...
         Starting Snappy daemon...
         Starting LXD - container startup/shutdown...
[[0;32m  OK  [0m] Started FUSE filesystem for LXC.
[[0;32m  OK  [0m] Started Unattended Upgrades Shutdown.
         Starting Login Service...
         Starting Accounts Service...
         Starting Virtualbox guest utils...
         Starting System Logging Service...
[[0;32m  OK  [0m] Started D-Bus System Message Bus.
         Starting /etc/rc.local Compatibility...
         Starting Pollinate to seed the pseudo random number generator...
[[0;32m  OK  [0m] Started Deferred execution scheduler.
[[0;32m  OK  [0m] Started System Logging Service.
[[0;32m  OK  [0m] Started /etc/rc.local Compatibility.
[[0;32m  OK  [0m] Started Login Service.
[[0;32m  OK  [0m] Started iSCSI initiator daemon (iscsid).
         Starting Login to default iSCSI targets...
[[0;32m  OK  [0m] Started LSB: MD monitoring daemon.
[[0;32m  OK  [0m] Started Login to default iSCSI targets.
[[0;32m  OK  [0m] Reached target Remote File Systems (Pre).
[[0;32m  OK  [0m] Reached target Remote File Systems.
         Starting LSB: automatic crash report generation...
         Starting LSB: Set the CPU Frequency Scaling governor to "ondemand"...
         Starting Permit User Sessions...
         Starting LSB: daemon to balance interrupts for SMP systems...
[[0;32m  OK  [0m] Started LSB: Record successful boot for GRUB.
[[0;32m  OK  [0m] Started LSB: Set the CPU Frequency Scaling governor to "ondemand".
[[0;32m  OK  [0m] Started Permit User Sessions.
         Starting Hold until boot process finishes up...
         Starting Terminate Plymouth Boot Screen...
         Starting Authenticate and Authorize Users to Run Privileged Tasks...
[[0;32m  OK  [0m] Started LSB: automatic crash report generation.
[[0;32m  OK  [0m] Started Hold until boot process finishes up.
[[0;32m  OK  [0m] Started Terminate Plymouth Boot Screen.
[[0;32m  OK  [0m] Started LSB: daemon to balance interrupts for SMP systems.
[[0;32m  OK  [0m] Started Getty on tty1.
[[0;32m  OK  [0m] Started Serial Getty on ttyS0.
[[0;32m  OK  [0m] Reached target Login Prompts.
         Starting Set console scheme...
[[0;32m  OK  [0m] Started Set console scheme.
[[0;32m  OK  [0m] Started Virtualbox guest utils.
[[0;32m  OK  [0m] Started Authenticate and Authorize Users to Run Privileged Tasks.
[[0;32m  OK  [0m] Started Accounts Service.

Ubuntu 16.04.6 LTS ubuntu-xenial ttyS0

ubuntu-xenial login: [  128.079270] cloud-init[1264]: Generating locales (this might take a while)...
[  134.315969] cloud-init[1264]:   en_US.UTF-8... done
[  134.318165] cloud-init[1264]: Generation complete.
[  147.686812] cloud-init[1264]: Cloud-init v. 18.5-45-g3554ffe8-0ubuntu1~16.04.1 running 'modules:config' at Thu, 25 Apr 2019 17:34:23 +0000. Up 124.73 seconds.
ci-info: no authorized ssh keys fingerprints found for user ubuntu.
<14>Apr 25 17:34:49 ec2: 
<14>Apr 25 17:34:49 ec2: #############################################################
<14>Apr 25 17:34:49 ec2: -----BEGIN SSH HOST KEY FINGERPRINTS-----
<14>Apr 25 17:34:49 ec2: 1024 SHA256:Ez9B/Uk4fatwD3Gy+6smklOV7STHs7OJ5b0c23osjSw root@ubuntu-xenial (DSA)
<14>Apr 25 17:34:49 ec2: 256 SHA256:ttTxSa2cJwBYpF6mBG43QbWmkClVK2/qtLvGjlR4sBI root@ubuntu-xenial (ECDSA)
<14>Apr 25 17:34:49 ec2: 256 SHA256:zqyCsB3aRhsidaKFGsLe+3xzdbGyJVlqcJbRq9vu8RI root@ubuntu-xenial (ED25519)
<14>Apr 25 17:34:49 ec2: 2048 SHA256:IkW660L8JSnSlvy6p8VIJroZBJrcYvIVbyNDtXa3Vb4 root@ubuntu-xenial (RSA)
<14>Apr 25 17:34:49 ec2: -----END SSH HOST KEY FINGERPRINTS-----
<14>Apr 25 17:34:49 ec2: #############################################################
-----BEGIN SSH HOST KEY KEYS-----
ecdsa-sha2-nistp256 AAAAE2VjZHNhLXNoYTItbmlzdHAyNTYAAAAIbmlzdHAyNTYAAABBBH1DKdTpgHhPBgOgrIuY0ENIEkMCnqvK1jj2QM2dViHncHvsMdU55K1XGfnbKLWocJAcCbee03nhiwVItDDDJ7g= root@ubuntu-xenial
ssh-ed25519 AAAAC3NzaC1lZDI1NTE5AAAAIBI5qGtseSZCKDDR7cq3/Q0Z3EcixCfLsb44Zra2ueoh root@ubuntu-xenial
ssh-rsa AAAAB3NzaC1yc2EAAAADAQABAAABAQC2XkIc6hoUlHqMVQ5Y/OcgCFmTyGRDOySLuK/5DenRTbWo4ROYAO51OIUz/9ZSncYI834oMVZ7AB+QpZdmSeJ6qHd/yfPyqg3ZgDk7Ss6n7i/Cb9AJ4QvHAuTUwYEhAeSdObPsf67TmO4UDu92MCTG1gVAu8n8bjm8LKllXLipgFoqFwNQEaA2KQoy9kQu3AgpP6H0P3ng3hL9XEG9gX0ofoOPgnaAjPmL+sjNwDT2Y0XSH1al35BSrNXu0PIx8xFsWWUAUUm93/d9RUGnIuO5HOA+eR/rY5x21cdH39uuAhuDiO6e7+c0uVuJUOMe7YCSRu4R56WaipAEoILwJkON root@ubuntu-xenial
-----END SSH HOST KEY KEYS-----
[  150.828637] cloud-init[1541]: Cloud-init v. 18.5-45-g3554ffe8-0ubuntu1~16.04.1 running 'modules:final' at Thu, 25 Apr 2019 17:34:47 +0000. Up 148.39 seconds.
[  150.828913] cloud-init[1541]: ci-info: no authorized ssh keys fingerprints found for user ubuntu.
[  150.829087] cloud-init[1541]: Cloud-init v. 18.5-45-g3554ffe8-0ubuntu1~16.04.1 finished at Thu, 25 Apr 2019 17:34:49 +0000. Datasource DataSourceNoCloud [seed=/dev/sdb][dsmode=net].  Up 150.80 seconds
